ARM Linker, 5.03 [Build 76] [MDK-ARM Professional]

==============================================================================

Section Cross References

    startup.o(STACK) refers (Special) to heapauxi.o(.text) for __use_two_region_memory
    startup.o(HEAP) refers (Special) to heapauxi.o(.text) for __use_two_region_memory
    startup.o(RESET) refers (Special) to heapauxi.o(.text) for __use_two_region_memory
    startup.o(RESET) refers to startup.o(STACK) for StackMem
    startup.o(RESET) refers to timer0.o(i.Timer0A_Handler) for Timer0A_Handler
    startup.o(RESET) refers to timer1.o(i.Timer1A_Handler) for Timer1A_Handler
    startup.o(RESET) refers to texas.o(.text) for Timer4A_Handler
    startup.o(RESET) refers to __main.o(!!!main) for __main
    startup.o(.text) refers (Special) to heapauxi.o(.text) for __use_two_region_memory
    startup.o(.text) refers to startup.o(HEAP) for HeapMem
    startup.o(.text) refers to startup.o(STACK) for StackMem
    random.o(.text) refers to random.o(DATA) for M
    timer0.o(i.Timer0A_Handler) refers to timer0.o(.data) for PeriodicTask0
    timer0.o(i.Timer0_Init) refers to timer0.o(.data) for PeriodicTask0
    timer1.o(i.Timer1A_Handler) refers to timer1.o(.data) for PeriodicTask1
    timer1.o(i.Timer1_Init) refers to timer1.o(.data) for PeriodicTask1
    sound.o(i.Sound_Attack) refers to timer1.o(i.Timer1_Init) for Timer1_Init
    sound.o(i.Sound_Attack) refers to sound.o(.data) for indexx
    sound.o(i.Sound_Attack) refers to sound.o(.constdata) for explosion
    sound.o(i.Sound_Attack) refers to sound.o(i.Sound_Init) for Sound_Init
    sound.o(i.Sound_Init) refers to sound.o(i.Sound_Play) for Sound_Play
    sound.o(i.Sound_Init) refers to sound.o(.data) for indexx
    sound.o(i.Sound_Play) refers to dac.o(i.DAC_Out) for DAC_Out
    sound.o(i.Sound_Play) refers to sound.o(.data) for note
    sound.o(i.Sound_Play) refers to sound.o(.constdata) for explosion
    print.o(.text) refers (Special) to st7735.o(i.ST7735_OutString) for ST7735_OutString
    print.o(.text) refers to st7735.o(i.ST7735_OutChar) for ST7735_OutChar
    spaceinvaders.o(i.Convert) refers to dflt_clz.o(x$fpl$dfltu) for __aeabi_ui2d
    spaceinvaders.o(i.Convert) refers to dmul.o(x$fpl$dmul) for __aeabi_dmul
    spaceinvaders.o(i.Convert) refers to daddsub_clz.o(x$fpl$dadd) for __aeabi_dadd
    spaceinvaders.o(i.Convert) refers to ddiv.o(x$fpl$ddiv) for __aeabi_ddiv
    spaceinvaders.o(i.Convert) refers to dfixu.o(x$fpl$dfixu) for __aeabi_d2uiz
    spaceinvaders.o(i.InitE1) refers to spaceinvaders.o(.bss) for Enemy1
    spaceinvaders.o(i.InitE1) refers to spaceinvaders.o(.constdata) for EnemyA10HP
    spaceinvaders.o(i.InitE2) refers to spaceinvaders.o(.bss) for Enemy2
    spaceinvaders.o(i.InitE2) refers to spaceinvaders.o(.constdata) for EnemyB10HP
    spaceinvaders.o(i.InitE3) refers to spaceinvaders.o(.bss) for Enemy3
    spaceinvaders.o(i.InitE3) refers to spaceinvaders.o(.constdata) for EnemyA20HP
    spaceinvaders.o(i.InitE4) refers to spaceinvaders.o(.bss) for Enemy4
    spaceinvaders.o(i.InitE4) refers to spaceinvaders.o(.constdata) for EnemyB20HP
    spaceinvaders.o(i.InitE5) refers to spaceinvaders.o(.bss) for Enemy5
    spaceinvaders.o(i.InitE5) refers to spaceinvaders.o(.constdata) for Boss50HP
    spaceinvaders.o(i.InitP) refers to spaceinvaders.o(.bss) for Player
    spaceinvaders.o(i.InitP) refers to spaceinvaders.o(.constdata) for player0
    spaceinvaders.o(i.LevelChange) refers to spaceinvaders.o(.bss) for Player
    spaceinvaders.o(i.LevelChange) refers to spaceinvaders.o(.data) for XPrequired
    spaceinvaders.o(i.XPcheck) refers to spaceinvaders.o(i.LevelChange) for LevelChange
    spaceinvaders.o(i.XPcheck) refers to spaceinvaders.o(.bss) for Player
    spaceinvaders.o(i.XPcheck) refers to spaceinvaders.o(.data) for XPrequired
    spaceinvaders.o(i.checkattack) refers to sound.o(i.Sound_Attack) for Sound_Attack
    spaceinvaders.o(i.checkattack) refers to spaceinvaders.o(.data) for attackflag
    spaceinvaders.o(i.checkhit) refers to spaceinvaders.o(i.checkattack) for checkattack
    spaceinvaders.o(i.checkhit) refers to spaceinvaders.o(i.XPcheck) for XPcheck
    spaceinvaders.o(i.checkhit) refers to spaceinvaders.o(i.endgame) for endgame
    spaceinvaders.o(i.checkhit) refers to spaceinvaders.o(.bss) for Player
    spaceinvaders.o(i.checkhit) refers to spaceinvaders.o(.data) for collisionflag1
    spaceinvaders.o(i.checkwave) refers to st7735.o(i.ST7735_DrawBitmap) for ST7735_DrawBitmap
    spaceinvaders.o(i.checkwave) refers to spaceinvaders.o(.data) for wave
    spaceinvaders.o(i.checkwave) refers to spaceinvaders.o(.bss) for Enemy1
    spaceinvaders.o(i.checkwave) refers to spaceinvaders.o(.constdata) for black
    spaceinvaders.o(i.checkwave) refers to spaceinvaders.o(i.win) for win
    spaceinvaders.o(i.endgame) refers to st7735.o(i.ST7735_FillScreen) for ST7735_FillScreen
[...]
    ddiv.o(x$fpl$drdiv) refers (Special) to usenofp.o(x$fpl$usenofp) for __I$use$fp
    ddiv.o(x$fpl$drdiv) refers to ddiv.o(x$fpl$ddiv) for ddiv_entry
    ddiv.o(x$fpl$ddiv) refers (Special) to usenofp.o(x$fpl$usenofp) for __I$use$fp
    ddiv.o(x$fpl$ddiv) refers to dretinf.o(x$fpl$dretinf) for __fpl_dretinf
    ddiv.o(x$fpl$ddiv) refers to dnaninf.o(x$fpl$dnaninf) for __fpl_dnaninf
    dfixu.o(x$fpl$dfixu) refers (Special) to usenofp.o(x$fpl$usenofp) for __I$use$fp
    dfixu.o(x$fpl$dfixu) refers to dnaninf.o(x$fpl$dnaninf) for __fpl_dnaninf
    dfixu.o(x$fpl$dfixur) refers (Special) to usenofp.o(x$fpl$usenofp) for __I$use$fp
    dfixu.o(x$fpl$dfixur) refers to dnaninf.o(x$fpl$dnaninf) for __fpl_dnaninf
    dflt_clz.o(x$fpl$dfltu) refers (Special) to usenofp.o(x$fpl$usenofp) for __I$use$fp
    dflt_clz.o(x$fpl$dflt) refers (Special) to usenofp.o(x$fpl$usenofp) for __I$use$fp
    dflt_clz.o(x$fpl$dfltn) refers (Special) to usenofp.o(x$fpl$usenofp) for __I$use$fp
    dmul.o(x$fpl$dmul) refers (Special) to usenofp.o(x$fpl$usenofp) for __I$use$fp
    dmul.o(x$fpl$dmul) refers to dretinf.o(x$fpl$dretinf) for __fpl_dretinf
    dmul.o(x$fpl$dmul) refers to dnaninf.o(x$fpl$dnaninf) for __fpl_dnaninf
    rtentry.o(.ARM.Collect$$rtentry$$00000000) refers (Special) to rtentry2.o(.ARM.Collect$$rtentry$$0000000A) for __rt_entry_li
    rtentry.o(.ARM.Collect$$rtentry$$00000000) refers (Special) to rtentry2.o(.ARM.Collect$$rtentry$$0000000D) for __rt_entry_main
    rtentry.o(.ARM.Collect$$rtentry$$00000000) refers (Special) to rtentry2.o(.ARM.Collect$$rtentry$$0000000C) for __rt_entry_postli_1
    rtentry.o(.ARM.Collect$$rtentry$$00000000) refers (Special) to rtentry2.o(.ARM.Collect$$rtentry$$00000009) for __rt_entry_postsh_1
    rtentry.o(.ARM.Collect$$rtentry$$00000000) refers (Special) to rtentry2.o(.ARM.Collect$$rtentry$$00000002) for __rt_entry_presh_1
    rtentry.o(.ARM.Collect$$rtentry$$00000000) refers (Special) to rtentry4.o(.ARM.Collect$$rtentry$$00000004) for __rt_entry_sh
    libinit2.o(.ARM.Collect$$libinit$$0000000B) refers (Weak) to rand.o(.text) for _rand_init
    libinit2.o(.ARM.Collect$$libinit$$0000000E) refers to libinit2.o(.ARM.Collect$$libinit$$0000000D) for .ARM.Collect$$libinit$$0000000D
    libinit2.o(.ARM.Collect$$libinit$$00000010) refers to libinit2.o(.ARM.Collect$$libinit$$0000000D) for .ARM.Collect$$libinit$$0000000D
    libinit2.o(.ARM.Collect$$libinit$$00000012) refers to libinit2.o(.ARM.Collect$$libinit$$0000000D) for .ARM.Collect$$libinit$$0000000D
    libinit2.o(.ARM.Collect$$libinit$$00000014) refers to libinit2.o(.ARM.Collect$$libinit$$0000000D) for .ARM.Collect$$libinit$$0000000D
    libinit2.o(.ARM.Collect$$libinit$$00000016) refers to libinit2.o(.ARM.Collect$$libinit$$0000000D) for .ARM.Collect$$libinit$$0000000D
    libinit2.o(.ARM.Collect$$libinit$$00000024) refers to argv_veneer.o(.emb_text) for __ARM_argv_veneer
    libinit2.o(.ARM.Collect$$libinit$$00000025) refers to argv_veneer.o(.emb_text) for __ARM_argv_veneer
    dnaninf.o(x$fpl$dnaninf) refers (Special) to usenofp.o(x$fpl$usenofp) for __I$use$fp
    dretinf.o(x$fpl$dretinf) refers (Special) to usenofp.o(x$fpl$usenofp) for __I$use$fp
    rtentry2.o(.ARM.Collect$$rtentry$$00000008) refers to boardinit2.o(.text) for _platform_post_stackheap_init
    rtentry2.o(.ARM.Collect$$rtentry$$0000000A) refers to libinit.o(.ARM.Collect$$libinit$$00000000) for __rt_lib_init
    rtentry2.o(.ARM.Collect$$rtentry$$0000000B) refers to boardinit3.o(.text) for _platform_post_lib_init
    rtentry2.o(.ARM.Collect$$rtentry$$0000000D) refers to spaceinvaders.o(i.main) for main
    rtentry2.o(.ARM.Collect$$rtentry$$0000000D) refers to exit.o(.text) for exit
    rtentry2.o(.ARM.exidx) refers to rtentry2.o(.ARM.Collect$$rtentry$$00000001) for .ARM.Collect$$rtentry$$00000001
    rtentry2.o(.ARM.exidx) refers to rtentry2.o(.ARM.Collect$$rtentry$$00000008) for .ARM.Collect$$rtentry$$00000008
    rtentry2.o(.ARM.exidx) refers to rtentry2.o(.ARM.Collect$$rtentry$$0000000A) for .ARM.Collect$$rtentry$$0000000A
    rtentry2.o(.ARM.exidx) refers to rtentry2.o(.ARM.Collect$$rtentry$$0000000B) for .ARM.Collect$$rtentry$$0000000B
    rtentry2.o(.ARM.exidx) refers to rtentry2.o(.ARM.Collect$$rtentry$$0000000D) for .ARM.Collect$$rtentry$$0000000D
    rtentry4.o(.ARM.Collect$$rtentry$$00000004) refers to sys_stackheap_outer.o(.text) for __user_setup_stackheap
    rtentry4.o(.ARM.exidx) refers to rtentry4.o(.ARM.Collect$$rtentry$$00000004) for .ARM.Collect$$rtentry$$00000004
    argv_veneer.o(.emb_text) refers to no_argv.o(.text) for __ARM_get_argv
    sys_stackheap_outer.o(.text) refers to libspace.o(.text) for __user_perproc_libspace
    sys_stackheap_outer.o(.text) refers to startup.o(.text) for __user_initial_stackheap
    exit.o(.text) refers to rtexit.o(.ARM.Collect$$rtexit$$00000000) for __rt_exit
    _get_argv_nomalloc.o(.text) refers (Special) to hrguard.o(.text) for __heap_region$guard
    _get_argv_nomalloc.o(.text) refers to defsig_rtmem_outer.o(.text) for __rt_SIGRTMEM
    _get_argv_nomalloc.o(.text) refers to sys_command.o(.text) for _sys_command_string
    libinit.o(.ARM.Collect$$libinit$$00000000) refers (Special) to libinit2.o(.ARM.Collect$$libinit$$0000002C) for __rt_lib_init_alloca_1
    libinit.o(.ARM.Collect$$libinit$$00000000) refers (Special) to libinit2.o(.ARM.Collect$$libinit$$0000002A) for __rt_lib_init_argv_1
    libinit.o(.ARM.Collect$$libinit$$00000000) refers (Special) to libinit2.o(.ARM.Collect$$libinit$$00000019) for __rt_lib_init_atexit_1
    libinit.o(.ARM.Collect$$libinit$$00000000) refers (Special) to libinit2.o(.ARM.Collect$$libinit$$0000001F) for __rt_lib_init_clock_1
    libinit.o(.ARM.Collect$$libinit$$00000000) refers (Special) to libinit2.o(.ARM.Collect$$libinit$$00000030) for __rt_lib_init_cpp_1
    libinit.o(.ARM.Collect$$libinit$$00000000) refers (Special) to libinit2.o(.ARM.Collect$$libinit$$0000002E) for __rt_lib_init_exceptions_1
    libinit.o(.ARM.Collect$$libinit$$00000000) refers (Special) to libinit2.o(.ARM.Collect$$libinit$$00000002) for __rt_lib_init_fp_1
    libinit.o(.ARM.Collect$$libinit$$00000000) refers (Special) to libinit2.o(.ARM.Collect$$libinit$$0000001D) for __rt_lib_init_fp_trap_1
    libinit.o(.ARM.Collect$$libinit$$00000000) refers (Special) to libinit2.o(.ARM.Collect$$libinit$$00000021) for __rt_lib_init_getenv_1
    libinit.o(.ARM.Collect$$libinit$$00000000) refers (Special) to libinit2.o(.ARM.Collect$$libinit$$00000008) for __rt_lib_init_heap_1
    libinit.o(.ARM.Collect$$libinit$$00000000) refers (Special) to libinit2.o(.ARM.Collect$$libinit$$0000000F) for __rt_lib_init_lc_collate_1
    libinit.o(.ARM.Collect$$libinit$$00000000) refers (Special) to libinit2.o(.ARM.Collect$$libinit$$00000011) for __rt_lib_init_lc_ctype_1
    libinit.o(.ARM.Collect$$libinit$$00000000) refers (Special) to libinit2.o(.ARM.Collect$$libinit$$00000013) for __rt_lib_init_lc_monetary_1
    libinit.o(.ARM.Collect$$libinit$$00000000) refers (Special) to libinit2.o(.ARM.Collect$$libinit$$00000015) for __rt_lib_init_lc_numeric_1
    libinit.o(.ARM.Collect$$libinit$$00000000) refers (Special) to libinit2.o(.ARM.Collect$$libinit$$00000017) for __rt_lib_init_lc_time_1
    libinit.o(.ARM.Collect$$libinit$$00000000) refers (Special) to libinit2.o(.ARM.Collect$$libinit$$0000000C) for __rt_lib_init_rand_1
    libinit.o(.ARM.Collect$$libinit$$00000000) refers (Special) to libinit2.o(.ARM.Collect$$libinit$$00000031) for __rt_lib_init_return
    libinit.o(.ARM.Collect$$libinit$$00000000) refers (Special) to libinit2.o(.ARM.Collect$$libinit$$0000001B) for __rt_lib_init_signal_1
    libinit.o(.ARM.Collect$$libinit$$00000000) refers (Special) to libinit2.o(.ARM.Collect$$libinit$$00000023) for __rt_lib_init_stdio_1
    libinit.o(.ARM.Collect$$libinit$$00000000) refers (Special) to libinit2.o(.ARM.Collect$$libinit$$0000000A) for __rt_lib_init_user_alloc_1
    sys_command.o(.text) refers (Special) to use_no_semi.o(.text) for __I$use$semihosting
    sys_command.o(.text) refers (Special) to indicate_semi.o(.text) for __semihosting_library_function
    libspace.o(.text) refers to libspace.o(.bss) for __libspace_start
    rtexit.o(.ARM.Collect$$rtexit$$00000000) refers (Special) to rtexit2.o(.ARM.Collect$$rtexit$$00000004) for __rt_exit_exit
    rtexit.o(.ARM.Collect$$rtexit$$00000000) refers (Special) to rtexit2.o(.ARM.Collect$$rtexit$$00000003) for __rt_exit_ls
    rtexit.o(.ARM.Collect$$rtexit$$00000000) refers (Special) to rtexit2.o(.ARM.Collect$$rtexit$$00000002) for __rt_exit_prels_1
    rtexit.o(.ARM.exidx) refers (Special) to rtexit2.o(.ARM.Collect$$rtexit$$00000004) for __rt_exit_exit
    rtexit.o(.ARM.exidx) refers (Special) to rtexit2.o(.ARM.Collect$$rtexit$$00000003) for __rt_exit_ls
    rtexit.o(.ARM.exidx) refers (Special) to rtexit2.o(.ARM.Collect$$rtexit$$00000002) for __rt_exit_prels_1
    rtexit.o(.ARM.exidx) refers to rtexit.o(.ARM.Collect$$rtexit$$00000000) for .ARM.Collect$$rtexit$$00000000
    defsig_rtmem_outer.o(.text) refers to defsig_rtmem_inner.o(.text) for __rt_SIGRTMEM_inner
    defsig_rtmem_outer.o(.text) refers to defsig_exit.o(.text) for __sig_exit
    defsig_rtmem_formal.o(.text) refers to rt_raise.o(.text) for __rt_raise
    rtexit2.o(.ARM.Collect$$rtexit$$00000003) refers to libshutdown.o(.ARM.Collect$$libshutdown$$00000000) for __rt_lib_shutdown
    rtexit2.o(.ARM.Collect$$rtexit$$00000004) refers to sys_exit.o(.text) for _sys_exit
    rtexit2.o(.ARM.exidx) refers to rtexit2.o(.ARM.Collect$$rtexit$$00000001) for .ARM.Collect$$rtexit$$00000001
    rtexit2.o(.ARM.exidx) refers to rtexit2.o(.ARM.Collect$$rtexit$$00000003) for .ARM.Collect$$rtexit$$00000003
    rtexit2.o(.ARM.exidx) refers to rtexit2.o(.ARM.Collect$$rtexit$$00000004) for .ARM.Collect$$rtexit$$00000004
    rt_raise.o(.text) refers to __raise.o(.text) for __raise
    rt_raise.o(.text) refers to sys_exit.o(.text) for _sys_exit
    defsig_exit.o(.text) refers to sys_exit.o(.text) for _sys_exit
    defsig_rtmem_inner.o(.text) refers to defsig_general.o(.text) for __default_signal_display
    sys_exit.o(.text) refers (Special) to use_no_semi.o(.text) for __I$use$semihosting
    sys_exit.o(.text) refers (Special) to indicate_semi.o(.text) for __semihosting_library_function
    __raise.o(.text) refers to defsig.o(CL$$defsig) for __default_signal_handler
    defsig_general.o(.text) refers to sys_wrch.o(.text) for _ttywrch
    libshutdown.o(.ARM.Collect$$libshutdown$$00000000) refers (Special) to libshutdown2.o(.ARM.Collect$$libshutdown$$00000006) for __rt_lib_shutdown_fp_trap_1
    libshutdown.o(.ARM.Collect$$libshutdown$$00000000) refers (Special) to libshutdown2.o(.ARM.Collect$$libshutdown$$0000000E) for __rt_lib_shutdown_heap_1
    libshutdown.o(.ARM.Collect$$libshutdown$$00000000) refers (Special) to libshutdown2.o(.ARM.Collect$$libshutdown$$0000000F) for __rt_lib_shutdown_return
    libshutdown.o(.ARM.Collect$$libshutdown$$00000000) refers (Special) to libshutdown2.o(.ARM.Collect$$libshutdown$$00000009) for __rt_lib_shutdown_signal_1
    libshutdown.o(.ARM.Collect$$libshutdown$$00000000) refers (Special) to libshutdown2.o(.ARM.Collect$$libshutdown$$00000003) for __rt_lib_shutdown_stdio_1
    libshutdown.o(.ARM.Collect$$libshutdown$$00000000) refers (Special) to libshutdown2.o(.ARM.Collect$$libshutdown$$0000000B) for __rt_lib_shutdown_user_alloc_1
    sys_wrch.o(.text) refers (Special) to use_no_semi.o(.text) for __I$use$semihosting
    sys_wrch.o(.text) refers (Special) to indicate_semi.o(.text) for __semihosting_library_function
    defsig.o(CL$$defsig) refers to defsig_rtmem_inner.o(.text) for __rt_SIGRTMEM_inner
    defsig_abrt_inner.o(.text) refers to defsig_general.o(.text) for __default_signal_display
    defsig_fpe_inner.o(.text) refers to defsig_general.o(.text) for __default_signal_display
    defsig_rtred_inner.o(.text) refers to defsig_general.o(.text) for __default_signal_display
    defsig_stak_inner.o(.text) refers to defsig_general.o(.text) for __default_signal_display
    defsig_pvfn_inner.o(.text) refers to defsig_general.o(.text) for __default_signal_display
    defsig_cppl_inner.o(.text) refers to defsig_general.o(.text) for __default_signal_display
    defsig_segv_inner.o(.text) refers to defsig_general.o(.text) for __default_signal_display
    defsig_other.o(.text) refers to defsig_general.o(.text) for __default_signal_display


==============================================================================

Removing Unused input sections from the image.

    Removing print.o(.text), (404 bytes).
    Removing spaceinvaders.o(i.Convert), (76 bytes).
    Removing spaceinvaders.o(i.Delay100ms), (36 bytes).
    Removing spaceinvaders.o(i.SysTick_Init), (52 bytes).
    Removing spaceinvaders.o(i.moveEnemy1Left), (60 bytes).
    Removing spaceinvaders.o(i.moveEnemy1Right), (60 bytes).
    Removing spaceinvaders.o(i.moveEnemy2Down), (64 bytes).
    Removing spaceinvaders.o(i.moveEnemy2Up), (64 bytes).
    Removing spaceinvaders.o(i.moveEnemy3Down), (64 bytes).
    Removing spaceinvaders.o(i.moveEnemy3Left), (64 bytes).
    Removing spaceinvaders.o(i.moveEnemy3Right), (60 bytes).
    Removing spaceinvaders.o(i.moveEnemy3Up), (64 bytes).
    Removing spaceinvaders.o(i.moveEnemy4Down), (64 bytes).
    Removing spaceinvaders.o(i.moveEnemy4Left), (60 bytes).
    Removing spaceinvaders.o(i.moveEnemy4Right), (60 bytes).
    Removing spaceinvaders.o(i.moveEnemy4Up), (64 bytes).
    Removing spaceinvaders.o(i.moveEnemy5Down), (64 bytes).
    Removing spaceinvaders.o(i.moveEnemy5Left), (60 bytes).
    Removing spaceinvaders.o(i.moveEnemy5Right), (60 bytes).
    Removing spaceinvaders.o(i.moveEnemy5Up), (64 bytes).
    Removing st7735.o(i.Output_Clear), (10 bytes).
    Removing st7735.o(i.Output_Color), (12 bytes).
    Removing st7735.o(i.Output_Off), (8 bytes).
    Removing st7735.o(i.Output_On), (8 bytes).
    Removing st7735.o(i.ST7735_Color565), (24 bytes).
    Removing st7735.o(i.ST7735_DrawChar), (268 bytes).
    Removing st7735.o(i.ST7735_DrawFastHLine), (124 bytes).
    Removing st7735.o(i.ST7735_DrawFastVLine), (124 bytes).
    Removing st7735.o(i.ST7735_InitB), (40 bytes).
    Removing st7735.o(i.ST7735_InvertDisplay), (22 bytes).
    Removing st7735.o(i.ST7735_PlotBar), (88 bytes).
    Removing st7735.o(i.ST7735_PlotClear), (92 bytes).
    Removing st7735.o(i.ST7735_PlotLine), (264 bytes).
    Removing st7735.o(i.ST7735_PlotNext), (32 bytes).
    Removing st7735.o(i.ST7735_PlotNextErase), (64 bytes).
    Removing st7735.o(i.ST7735_PlotPoint), (152 bytes).
    Removing st7735.o(i.ST7735_PlotPoints), (172 bytes).
    Removing st7735.o(i.ST7735_PlotdBfs), (60 bytes).
    Removing st7735.o(i.ST7735_SetRotation), (212 bytes).
    Removing st7735.o(i.ST7735_SetTextColor), (12 bytes).
    Removing st7735.o(i.ST7735_SwapColor), (18 bytes).
    Removing st7735.o(i.ferror), (8 bytes).
    Removing st7735.o(i.fgetc), (6 bytes).
    Removing st7735.o(i.fputc), (16 bytes).

44 unused section(s) (total 3400 bytes) removed from the image.

==============================================================================

Image Symbol Table

    Local Symbols

    Symbol Name                              Value     Ov Type        Size  Object(Section)

    RESET                                    0x00000000   Section      644  startup.o(RESET)
    ../clib/angel/boardlib.s                 0x00000000   Number         0  boardinit1.o ABSOLUTE
    ../clib/angel/boardlib.s                 0x00000000   Number         0  boardshut.o ABSOLUTE
    ../clib/angel/boardlib.s                 0x00000000   Number         0  boardinit3.o ABSOLUTE
    ../clib/angel/boardlib.s                 0x00000000   Number         0  boardinit2.o ABSOLUTE
    ../clib/angel/handlers.s                 0x00000000   Number         0  __scatter_copy.o ABSOLUTE
    ../clib/angel/handlers.s                 0x00000000   Number         0  __scatter_zi.o ABSOLUTE
    ../clib/angel/kernel.s                   0x00000000   Number         0  rtexit2.o ABSOLUTE
    ../clib/angel/kernel.s                   0x00000000   Number         0  rtentry.o ABSOLUTE
    ../clib/angel/kernel.s                   0x00000000   Number         0  rtexit.o ABSOLUTE
    ../clib/angel/kernel.s                   0x00000000   Number         0  rtentry2.o ABSOLUTE
    ../clib/angel/kernel.s                   0x00000000   Number         0  rtentry4.o ABSOLUTE
    ../clib/angel/rt.s                       0x00000000   Number         0  rt_raise.o ABSOLUTE
    ../clib/angel/scatter.s                  0x00000000   Number         0  __scatter.o ABSOLUTE
    ../clib/angel/startup.s                  0x00000000   Number         0  __main.o ABSOLUTE
    ../clib/angel/sys.s                      0x00000000   Number         0  indicate_semi.o ABSOLUTE
    ../clib/angel/sys.s                      0x00000000   Number         0  sys_stackheap_outer.o ABSOLUTE
    ../clib/angel/sys.s                      0x00000000   Number         0  libspace.o ABSOLUTE
    ../clib/angel/sys.s                      0x00000000   Number         0  use_no_semi.o ABSOLUTE
    ../clib/angel/sysapp.c                   0x00000000   Number         0  sys_exit.o ABSOLUTE
    ../clib/angel/sysapp.c                   0x00000000   Number         0  sys_command.o ABSOLUTE
    ../clib/angel/sysapp.c                   0x00000000   Number         0  sys_wrch.o ABSOLUTE
    ../clib/armsys.c                         0x00000000   Number         0  _get_argv_nomalloc.o ABSOLUTE
    ../clib/armsys.c                         0x00000000   Number         0  no_argv.o ABSOLUTE
    ../clib/armsys.c                         0x00000000   Number         0  argv_veneer.o ABSOLUTE
    ../clib/armsys.c                         0x00000000   Number         0  argv_veneer.o ABSOLUTE
    ../clib/heapalloc.c                      0x00000000   Number         0  hrguard.o ABSOLUTE
    ../clib/heapaux.c                        0x00000000   Number         0  heapauxi.o ABSOLUTE
    ../clib/libinit.s                        0x00000000   Number         0  libinit2.o ABSOLUTE
    ../clib/libinit.s                        0x00000000   Number         0  libshutdown2.o ABSOLUTE
    ../clib/libinit.s                        0x00000000   Number         0  libshutdown.o ABSOLUTE
    ../clib/libinit.s                        0x00000000   Number         0  libinit.o ABSOLUTE
    ../clib/signal.c                         0x00000000   Number         0  defsig_stak_inner.o ABSOLUTE
    ../clib/signal.c                         0x00000000   Number         0  defsig_rtred_inner.o ABSOLUTE
    ../clib/signal.c                         0x00000000   Number         0  defsig_general.o ABSOLUTE
    ../clib/signal.c                         0x00000000   Number         0  defsig_fpe_inner.o ABSOLUTE
    ../clib/signal.c                         0x00000000   Number         0  defsig_rtmem_formal.o ABSOLUTE
    ../clib/signal.c                         0x00000000   Number         0  defsig_other.o ABSOLUTE
    ../clib/signal.c                         0x00000000   Number         0  defsig_rtmem_outer.o ABSOLUTE
    ../clib/signal.c                         0x00000000   Number         0  defsig_abrt_inner.o ABSOLUTE
    ../clib/signal.c                         0x00000000   Number         0  defsig_cppl_inner.o ABSOLUTE
    ../clib/signal.c                         0x00000000   Number         0  defsig_rtmem_inner.o ABSOLUTE
    ../clib/signal.c                         0x00000000   Number         0  defsig_exit.o ABSOLUTE
    ../clib/signal.c                         0x00000000   Number         0  defsig_segv_inner.o ABSOLUTE
    ../clib/signal.c                         0x00000000   Number         0  defsig_pvfn_inner.o ABSOLUTE
    ../clib/signal.c                         0x00000000   Number         0  __raise.o ABSOLUTE
    ../clib/signal.s                         0x00000000   Number         0  defsig.o ABSOLUTE
    ../clib/stdlib.c                         0x00000000   Number         0  exit.o ABSOLUTE
    ../clib/stdlib.c                         0x00000000   Number         0  rand.o ABSOLUTE
    ../clib/stdlib.c                         0x00000000   Number         0  rand.o ABSOLUTE
    ../fplib/daddsub.s                       0x00000000   Number         0  daddsub_clz.o ABSOLUTE
    ../fplib/ddiv.s                          0x00000000   Number         0  ddiv.o ABSOLUTE
    ../fplib/dfixu.s                         0x00000000   Number         0  dfixu.o ABSOLUTE
    ../fplib/dflt.s                          0x00000000   Number         0  dflt_clz.o ABSOLUTE
    ../fplib/dmul.s                          0x00000000   Number         0  dmul.o ABSOLUTE
    ../fplib/dnaninf.s                       0x00000000   Number         0  dnaninf.o ABSOLUTE
    ../fplib/dretinf.s                       0x00000000   Number         0  dretinf.o ABSOLUTE
    ../fplib/fpinit.s                        0x00000000   Number         0  fpinit.o ABSOLUTE
    ../fplib/usenofp.s                       0x00000000   Number         0  usenofp.o ABSOLUTE
    ADC.c                                    0x00000000   Number         0  adc.o ABSOLUTE
    DAC.c                                    0x00000000   Number         0  dac.o ABSOLUTE
    LCD.s                                    0x00000000   Number         0  lcd.o ABSOLUTE
    Print.s                                  0x00000000   Number         0  print.o ABSOLUTE
    ST7735.c                                 0x00000000   Number         0  st7735.o ABSOLUTE
    Sound.c                                  0x00000000   Number         0  sound.o ABSOLUTE
    SpaceInvaders.c                          0x00000000   Number         0  spaceinvaders.o ABSOLUTE
    TExaS.c                                  0x00000000   Number         0  texas.o ABSOLUTE
    Timer0.c                                 0x00000000   Number         0  timer0.o ABSOLUTE
    Timer1.c                                 0x00000000   Number         0  timer1.o ABSOLUTE
    dc.s                                     0x00000000   Number         0  dc.o ABSOLUTE
    random.s                                 0x00000000   Number         0  random.o ABSOLUTE
    startup.s                                0x00000000   Number         0  startup.o ABSOLUTE
    !!!main                                  0x00000284   Section        8  __main.o(!!!main)
    !!!scatter                               0x0000028c   Section       52  __scatter.o(!!!scatter)
    !!handler_copy                           0x000002c0   Section       26  __scatter_copy.o(!!handler_copy)
    !!handler_zi                             0x000002dc   Section       28  __scatter_zi.o(!!handler_zi)
    .ARM.Collect$$libinit$$00000000          0x000002f8   Section        2  libinit.o(.ARM.Collect$$libinit$$00000000)
    .ARM.Collect$$libinit$$00000002          0x000002fa   Section        0  libinit2.o(.ARM.Collect$$libinit$$00000002)
    .ARM.Collect$$libinit$$00000008          0x000002fa   Section        0  libinit2.o(.ARM.Collect$$libinit$$00000008)
    .ARM.Collect$$libinit$$0000000A          0x000002fa   Section        0  libinit2.o(.ARM.Collect$$libinit$$0000000A)
    .ARM.Collect$$libinit$$0000000B          0x000002fa   Section        4  libinit2.o(.ARM.Collect$$libinit$$0000000B)
    .ARM.Collect$$libinit$$0000000C          0x000002fe   Section        0  libinit2.o(.ARM.Collect$$libinit$$0000000C)
    .ARM.Collect$$libinit$$0000000F          0x000002fe   Section        0  libinit2.o(.ARM.Collect$$libinit$$0000000F)
    .ARM.Collect$$libinit$$00000011          0x000002fe   Section        0  libinit2.o(.ARM.Collect$$libinit$$00000011)
    .ARM.Collect$$libinit$$00000013          0x000002fe   Section        0  libinit2.o(.ARM.Collect$$libinit$$00000013)
    .ARM.Collect$$libinit$$00000015          0x000002fe   Section        0  libinit2.o(.ARM.Collect$$libinit$$00000015)
    .ARM.Collect$$libinit$$00000017          0x000002fe   Section        0  libinit2.o(.ARM.Collect$$libinit$$00000017)
    .ARM.Collect$$libinit$$00000019          0x000002fe   Section        0  libinit2.o(.ARM.Collect$$libinit$$00000019)
    .ARM.Collect$$libinit$$0000001B          0x000002fe   Section        0  libinit2.o(.ARM.Collect$$libinit$$0000001B)
    .ARM.Collect$$libinit$$0000001D          0x000002fe   Section        0  libinit2.o(.ARM.Collect$$libinit$$0000001D)
    .ARM.Collect$$libinit$$0000001F          0x000002fe   Section        0  libinit2.o(.ARM.Collect$$libinit$$0000001F)
    .ARM.Collect$$libinit$$00000021          0x000002fe   Section        0  libinit2.o(.ARM.Collect$$libinit$$00000021)
    .ARM.Collect$$libinit$$00000023          0x000002fe   Section        0  libinit2.o(.ARM.Collect$$libinit$$00000023)
    .ARM.Collect$$libinit$$0000002A          0x000002fe   Section        0  libinit2.o(.ARM.Collect$$libinit$$0000002A)
    .ARM.Collect$$libinit$$0000002C          0x000002fe   Section        0  libinit2.o(.ARM.Collect$$libinit$$0000002C)
    .ARM.Collect$$libinit$$0000002E          0x000002fe   Section        0  libinit2.o(.ARM.Collect$$libinit$$0000002E)
    .ARM.Collect$$libinit$$00000030          0x000002fe   Section        0  libinit2.o(.ARM.Collect$$libinit$$00000030)
    .ARM.Collect$$libinit$$00000031          0x000002fe   Section        2  libinit2.o(.ARM.Collect$$libinit$$00000031)
    .ARM.Collect$$libshutdown$$00000000      0x00000300   Section        2  libshutdown.o(.ARM.Collect$$libshutdown$$00000000)
    .ARM.Collect$$libshutdown$$00000003      0x00000302   Section        0  libshutdown2.o(.ARM.Collect$$libshutdown$$00000003)
    .ARM.Collect$$libshutdown$$00000006      0x00000302   Section        0  libshutdown2.o(.ARM.Collect$$libshutdown$$00000006)
    .ARM.Collect$$libshutdown$$00000009      0x00000302   Section        0  libshutdown2.o(.ARM.Collect$$libshutdown$$00000009)
    .ARM.Collect$$libshutdown$$0000000B      0x00000302   Section        0  libshutdown2.o(.ARM.Collect$$libshutdown$$0000000B)
    .ARM.Collect$$libshutdown$$0000000E      0x00000302   Section        0  libshutdown2.o(.ARM.Collect$$libshutdown$$0000000E)
    .ARM.Collect$$libshutdown$$0000000F      0x00000302   Section        2  libshutdown2.o(.ARM.Collect$$libshutdown$$0000000F)
    .ARM.Collect$$rtentry$$00000000          0x00000304   Section        0  rtentry.o(.ARM.Collect$$rtentry$$00000000)
    .ARM.Collect$$rtentry$$00000002          0x00000304   Section        0  rtentry2.o(.ARM.Collect$$rtentry$$00000002)
    .ARM.Collect$$rtentry$$00000004          0x00000304   Section        6  rtentry4.o(.ARM.Collect$$rtentry$$00000004)
    .ARM.Collect$$rtentry$$00000009          0x0000030a   Section        0  rtentry2.o(.ARM.Collect$$rtentry$$00000009)
    .ARM.Collect$$rtentry$$0000000A          0x0000030a   Section        4  rtentry2.o(.ARM.Collect$$rtentry$$0000000A)
    .ARM.Collect$$rtentry$$0000000C          0x0000030e   Section        0  rtentry2.o(.ARM.Collect$$rtentry$$0000000C)
    .ARM.Collect$$rtentry$$0000000D          0x0000030e   Section        8  rtentry2.o(.ARM.Collect$$rtentry$$0000000D)
    .ARM.Collect$$rtexit$$00000000           0x00000316   Section        2  rtexit.o(.ARM.Collect$$rtexit$$00000000)
    .ARM.Collect$$rtexit$$00000002           0x00000318   Section        0  rtexit2.o(.ARM.Collect$$rtexit$$00000002)
    .ARM.Collect$$rtexit$$00000003           0x00000318   Section        4  rtexit2.o(.ARM.Collect$$rtexit$$00000003)
    .ARM.Collect$$rtexit$$00000004           0x0000031c   Section        6  rtexit2.o(.ARM.Collect$$rtexit$$00000004)
    .emb_text                                0x00000324   Section       52  rand.o(.emb_text)
    .text                                    0x00000358   Section       48  startup.o(.text)
    .text                                    0x00000388   Section       60  random.o(.text)
    .text                                    0x000003c4   Section       80  lcd.o(.text)
    .text                                    0x00000414   Section        0  texas.o(.text)
    .text                                    0x000008b4   Section        0  rand.o(.text)
    .text                                    0x000008f0   Section        0  heapauxi.o(.text)
    .text                                    0x000008f6   Section       74  sys_stackheap_outer.o(.text)
    .text                                    0x00000940   Section        0  exit.o(.text)
    .text                                    0x0000094c   Section        8  libspace.o(.text)
    .text                                    0x00000954   Section        2  use_no_semi.o(.text)
    .text                                    0x00000956   Section        0  indicate_semi.o(.text)
    .text                                    0x00000958   Section        0  sys_exit.o(.text)
    i.ADC_In                                 0x00000964   Section        0  adc.o(i.ADC_In)
    i.ADC_Init                               0x000009a0   Section        0  adc.o(i.ADC_Init)
    i.DAC_Init                               0x00000aac   Section        0  dac.o(i.DAC_Init)
    i.DAC_Out                                0x00000b98   Section        0  dac.o(i.DAC_Out)
    i.Delay1ms                               0x00000ba4   Section        0  st7735.o(i.Delay1ms)
    i.InitE1                                 0x00000bc4   Section        0  spaceinvaders.o(i.InitE1)
    i.InitE2                                 0x00000bec   Section        0  spaceinvaders.o(i.InitE2)
    i.InitE3                                 0x00000c14   Section        0  spaceinvaders.o(i.InitE3)
    i.InitE4                                 0x00000c3c   Section        0  spaceinvaders.o(i.InitE4)
    i.InitE5                                 0x00000c64   Section        0  spaceinvaders.o(i.InitE5)
    i.InitP                                  0x00000c8c   Section        0  spaceinvaders.o(i.InitP)
    i.LevelChange                            0x00000cb4   Section        0  spaceinvaders.o(i.LevelChange)
    i.Output_Init                            0x00000cf8   Section        0  st7735.o(i.Output_Init)
    i.PortD_Init                             0x00000d08   Section        0  spaceinvaders.o(i.PortD_Init)
    i.PortF_Init                             0x00000d48   Section        0  spaceinvaders.o(i.PortF_Init)
    i.ST7735_DrawBitmap                      0x00000d94   Section        0  st7735.o(i.ST7735_DrawBitmap)
    i.ST7735_DrawCharS                       0x00000eb4   Section        0  st7735.o(i.ST7735_DrawCharS)
    i.ST7735_DrawPixel                       0x00000fa8   Section        0  st7735.o(i.ST7735_DrawPixel)
    i.ST7735_DrawString                      0x00000ff0   Section        0  st7735.o(i.ST7735_DrawString)
    i.ST7735_FillRect                        0x00001048   Section        0  st7735.o(i.ST7735_FillRect)
    i.ST7735_FillScreen                      0x000010f4   Section        0  st7735.o(i.ST7735_FillScreen)
    i.ST7735_InitR                           0x00001118   Section        0  st7735.o(i.ST7735_InitR)
    i.ST7735_OutChar                         0x00001194   Section        0  st7735.o(i.ST7735_OutChar)
    i.ST7735_OutString                       0x00001268   Section        0  st7735.o(i.ST7735_OutString)
    i.ST7735_OutUDec                         0x00001280   Section        0  st7735.o(i.ST7735_OutUDec)
    i.ST7735_SetCursor                       0x0000130c   Section        0  st7735.o(i.ST7735_SetCursor)
    i.Sound_Attack                           0x0000132c   Section        0  sound.o(i.Sound_Attack)
    i.Sound_Init                             0x00001358   Section        0  sound.o(i.Sound_Init)
    i.Sound_Play                             0x0000137c   Section        0  sound.o(i.Sound_Play)
    i.Timer0A_Handler                        0x000013d0   Section        0  timer0.o(i.Timer0A_Handler)
    i.Timer0_Init                            0x000013e8   Section        0  timer0.o(i.Timer0_Init)
    i.Timer1A_Handler                        0x00001448   Section        0  timer1.o(i.Timer1A_Handler)
    i.Timer1_Init                            0x00001460   Section        0  timer1.o(i.Timer1_Init)
    i.XPcheck                                0x000014c0   Section        0  spaceinvaders.o(i.XPcheck)
    i.checkattack                            0x00001514   Section        0  spaceinvaders.o(i.checkattack)
    i.checkhit                               0x00001530   Section        0  spaceinvaders.o(i.checkhit)
    i.checkwave                              0x00001908   Section        0  spaceinvaders.o(i.checkwave)
    i.commandList                            0x00001e40   Section        0  st7735.o(i.commandList)
    commandList                              0x00001e41   Thumb Code    86  st7735.o(i.commandList)
    i.commonInit                             0x00001e98   Section        0  st7735.o(i.commonInit)
    commonInit                               0x00001e99   Thumb Code   340  st7735.o(i.commonInit)
    i.endgame                                0x0000201c   Section        0  spaceinvaders.o(i.endgame)
    i.enemy1movement                         0x00002038   Section        0  spaceinvaders.o(i.enemy1movement)
    i.enemy2movement                         0x00002094   Section        0  spaceinvaders.o(i.enemy2movement)
    i.fillmessage                            0x000020f4   Section        0  st7735.o(i.fillmessage)
    i.joystickio                             0x0000213c   Section        0  spaceinvaders.o(i.joystickio)
    i.main                                   0x00002180   Section        0  spaceinvaders.o(i.main)
    i.moveEnemy1Down                         0x0000241c   Section        0  spaceinvaders.o(i.moveEnemy1Down)
    i.moveEnemy1Up                           0x0000245c   Section        0  spaceinvaders.o(i.moveEnemy1Up)
    i.moveEnemy2Left                         0x0000249c   Section        0  spaceinvaders.o(i.moveEnemy2Left)
    i.moveEnemy2Right                        0x000024d8   Section        0  spaceinvaders.o(i.moveEnemy2Right)
    i.movePlayerDown                         0x00002514   Section        0  spaceinvaders.o(i.movePlayerDown)
    i.movePlayerLeft                         0x00002554   Section        0  spaceinvaders.o(i.movePlayerLeft)
    i.movePlayerRight                        0x00002590   Section        0  spaceinvaders.o(i.movePlayerRight)
    i.movePlayerUp                           0x000025cc   Section        0  spaceinvaders.o(i.movePlayerUp)
    i.movement                               0x0000260c   Section        0  spaceinvaders.o(i.movement)
    i.pushColor                              0x0000264c   Section        0  st7735.o(i.pushColor)
    pushColor                                0x0000264d   Thumb Code    18  st7735.o(i.pushColor)
    i.randomnumber                           0x00002660   Section        0  spaceinvaders.o(i.randomnumber)
    i.setAddrWindow                          0x00002690   Section        0  st7735.o(i.setAddrWindow)
    setAddrWindow                            0x00002691   Thumb Code   106  st7735.o(i.setAddrWindow)
    i.win                                    0x00002704   Section        0  spaceinvaders.o(i.win)
    .constdata                               0x00002738   Section    15435  sound.o(.constdata)
    .constdata                               0x00006384   Section     4736  spaceinvaders.o(.constdata)
    .constdata                               0x00007604   Section     2018  st7735.o(.constdata)
    Font                                     0x00007604   Data        1275  st7735.o(.constdata)
    Bcmd                                     0x00007aff   Data         103  st7735.o(.constdata)
    Rcmd1                                    0x00007b66   Data          59  st7735.o(.constdata)
    Rcmd2green                               0x00007ba1   Data          13  st7735.o(.constdata)
    Rcmd2red                                 0x00007bae   Data          13  st7735.o(.constdata)
    Rcmd3                                    0x00007bbb   Data          43  st7735.o(.constdata)
    .constdata                               0x00007de6   Section      240  texas.o(.constdata)
    .data                                    0x20000000   Section        4  timer0.o(.data)
    .data                                    0x20000004   Section        4  timer1.o(.data)
    .data                                    0x20000008   Section       16  sound.o(.data)
    .data                                    0x20000018   Section       64  spaceinvaders.o(.data)
    down                                     0x20000041   Data           1  spaceinvaders.o(.data)
    lr                                       0x20000042   Data           1  spaceinvaders.o(.data)
    s                                        0x20000043   Data           1  spaceinvaders.o(.data)
    v                                        0x20000044   Data           1  spaceinvaders.o(.data)
    j                                        0x20000045   Data           1  spaceinvaders.o(.data)
    k                                        0x20000046   Data           1  spaceinvaders.o(.data)
    q                                        0x20000047   Data           1  spaceinvaders.o(.data)
    b                                        0x20000048   Data           1  spaceinvaders.o(.data)
    r                                        0x20000049   Data           1  spaceinvaders.o(.data)
    t                                        0x2000004a   Data           1  spaceinvaders.o(.data)
    y                                        0x2000004b   Data           1  spaceinvaders.o(.data)
    e                                        0x2000004c   Data           1  spaceinvaders.o(.data)
    .data                                    0x20000058   Section       44  st7735.o(.data)
    _width                                   0x20000062   Data           2  st7735.o(.data)
    _height                                  0x20000064   Data           2  st7735.o(.data)
    ColStart                                 0x2000006c   Data           1  st7735.o(.data)
    RowStart                                 0x2000006d   Data           1  st7735.o(.data)
    Rotation                                 0x2000006e   Data           1  st7735.o(.data)
    TabColor                                 0x2000006f   Data           1  st7735.o(.data)
    .data                                    0x20000084   Section       48  texas.o(.data)
    DATA                                     0x200000b4   Section        4  random.o(DATA)
    M                                        0x200000b4   Data           4  random.o(DATA)
    .bss                                     0x200000b8   Section      192  spaceinvaders.o(.bss)
    .bss                                     0x20000178   Section       12  st7735.o(.bss)
    .bss                                     0x20000188   Section       56  texas.o(.bss)
    .bss                                     0x200001c0   Section      228  rand.o(.bss)
    .bss                                     0x200002a4   Section       96  libspace.o(.bss)
    HEAP                                     0x20000308   Section        0  startup.o(HEAP)
    STACK                                    0x20000308   Section     1024  startup.o(STACK)
    HeapMem                                  0x20000308   Data           0  startup.o(HEAP)
    StackMem                                 0x20000308   Data           0  startup.o(STACK)

    Global Symbols

    Symbol Name                              Value     Ov Type        Size  Object(Section)

    BuildAttributes$$THM_ISAv4$E$P$D$K$B$S$7EM$PE$A:L22UL41UL21$X:L11$S22US41US21$IEEE1$IW$USESV6$~STKCKD$USESV7$~SHL$OSPACE$ROPI$EBA8$UX$STANDARDLIB$REQ8$PRES8$EABIv2 0x00000000   Number         0  anon$$obj.o ABSOLUTE
    __ARM_use_no_argv                        0x00000000   Number         0  spaceinvaders.o ABSOLUTE
    __Vectors                                0x00000000   Data           0  startup.o(RESET)
    __ARM_exceptions_init                     - Undefined Weak Reference
    __alloca_initialize                       - Undefined Weak Reference
    __cpp_initialize__aeabi_                  - Undefined Weak Reference
    __cxa_finalize                            - Undefined Weak Reference
    __rt_locale                               - Undefined Weak Reference
    __sigvec_lookup                           - Undefined Weak Reference
    _atexit_init                              - Undefined Weak Reference
    _call_atexit_fns                          - Undefined Weak Reference
    _clock_init                               - Undefined Weak Reference
    _fp_trap_init                             - Undefined Weak Reference
    _fp_trap_shutdown                         - Undefined Weak Reference
    _get_lc_collate                           - Undefined Weak Reference
    _get_lc_ctype                             - Undefined Weak Reference
    _get_lc_monetary                          - Undefined Weak Reference
    _get_lc_numeric                           - Undefined Weak Reference
    _get_lc_time                              - Undefined Weak Reference
    _getenv_init                              - Undefined Weak Reference
    _handle_redirection                       - Undefined Weak Reference
    _init_alloc                               - Undefined Weak Reference
    _init_user_alloc                          - Undefined Weak Reference
    _initio                                   - Undefined Weak Reference
    _signal_finish                            - Undefined Weak Reference
    _signal_init                              - Undefined Weak Reference
    _terminate_alloc                          - Undefined Weak Reference
    _terminate_user_alloc                     - Undefined Weak Reference
    _terminateio                              - Undefined Weak Reference
    Reset_Handler                            0x0000026d   Thumb Code     0  startup.o(RESET)
    NMI_Handler                              0x00000271   Thumb Code     2  startup.o(RESET)
    HardFault_Handler                        0x00000273   Thumb Code     2  startup.o(RESET)
    MemManage_Handler                        0x00000275   Thumb Code     2  startup.o(RESET)
    BusFault_Handler                         0x00000277   Thumb Code     2  startup.o(RESET)
    UsageFault_Handler                       0x00000279   Thumb Code     2  startup.o(RESET)
    SVC_Handler                              0x0000027b   Thumb Code     2  startup.o(RESET)
    DebugMon_Handler                         0x0000027d   Thumb Code     2  startup.o(RESET)
    PendSV_Handler                           0x0000027f   Thumb Code     2  startup.o(RESET)
    SysTick_Handler                          0x00000281   Thumb Code     2  startup.o(RESET)
    ADC0Seq0_Handler                         0x00000283   Thumb Code     0  startup.o(RESET)
    ADC0Seq1_Handler                         0x00000283   Thumb Code     0  startup.o(RESET)
    ADC0Seq2_Handler                         0x00000283   Thumb Code     0  startup.o(RESET)
    ADC0Seq3_Handler                         0x00000283   Thumb Code     0  startup.o(RESET)
    ADC1Seq0_Handler                         0x00000283   Thumb Code     0  startup.o(RESET)
    ADC1Seq1_Handler                         0x00000283   Thumb Code     0  startup.o(RESET)
    ADC1Seq2_Handler                         0x00000283   Thumb Code     0  startup.o(RESET)
    ADC1Seq3_Handler                         0x00000283   Thumb Code     0  startup.o(RESET)
    CAN0_Handler                             0x00000283   Thumb Code     0  startup.o(RESET)
    CAN1_Handler                             0x00000283   Thumb Code     0  startup.o(RESET)
    CAN2_Handler                             0x00000283   Thumb Code     0  startup.o(RESET)
    Comp0_Handler                            0x00000283   Thumb Code     0  startup.o(RESET)
    Comp1_Handler                            0x00000283   Thumb Code     0  startup.o(RESET)
    Comp2_Handler                            0x00000283   Thumb Code     0  startup.o(RESET)
    Ethernet_Handler                         0x00000283   Thumb Code     0  startup.o(RESET)
    ExtBus_Handler                           0x00000283   Thumb Code     0  startup.o(RESET)
    FPU_Handler                              0x00000283   Thumb Code     0  startup.o(RESET)
    Fan0_Handler                             0x00000283   Thumb Code     0  startup.o(RESET)
    FlashCtl_Handler                         0x00000283   Thumb Code     0  startup.o(RESET)
    GPIOPortA_Handler                        0x00000283   Thumb Code     0  startup.o(RESET)
    GPIOPortB_Handler                        0x00000283   Thumb Code     0  startup.o(RESET)
    GPIOPortC_Handler                        0x00000283   Thumb Code     0  startup.o(RESET)
    GPIOPortD_Handler                        0x00000283   Thumb Code     0  startup.o(RESET)
    GPIOPortE_Handler                        0x00000283   Thumb Code     0  startup.o(RESET)
    GPIOPortF_Handler                        0x00000283   Thumb Code     0  startup.o(RESET)
    GPIOPortG_Handler                        0x00000283   Thumb Code     0  startup.o(RESET)
    GPIOPortH_Handler                        0x00000283   Thumb Code     0  startup.o(RESET)
    GPIOPortJ_Handler                        0x00000283   Thumb Code     0  startup.o(RESET)
    GPIOPortK_Handler                        0x00000283   Thumb Code     0  startup.o(RESET)
    GPIOPortL_Handler                        0x00000283   Thumb Code     0  startup.o(RESET)
    GPIOPortM_Handler                        0x00000283   Thumb Code     0  startup.o(RESET)
    GPIOPortN_Handler                        0x00000283   Thumb Code     0  startup.o(RESET)
    GPIOPortP1_Handler                       0x00000283   Thumb Code     0  startup.o(RESET)
    GPIOPortP2_Handler                       0x00000283   Thumb Code     0  startup.o(RESET)
    GPIOPortP3_Handler                       0x00000283   Thumb Code     0  startup.o(RESET)
    GPIOPortP4_Handler                       0x00000283   Thumb Code     0  startup.o(RESET)
    GPIOPortP5_Handler                       0x00000283   Thumb Code     0  startup.o(RESET)
    GPIOPortP6_Handler                       0x00000283   Thumb Code     0  startup.o(RESET)
    GPIOPortP7_Handler                       0x00000283   Thumb Code     0  startup.o(RESET)
    GPIOPortP_Handler                        0x00000283   Thumb Code     0  startup.o(RESET)
    GPIOPortQ1_Handler                       0x00000283   Thumb Code     0  startup.o(RESET)
    GPIOPortQ2_Handler                       0x00000283   Thumb Code     0  startup.o(RESET)
    GPIOPortQ3_Handler                       0x00000283   Thumb Code     0  startup.o(RESET)
    GPIOPortQ4_Handler                       0x00000283   Thumb Code     0  startup.o(RESET)
    GPIOPortQ5_Handler                       0x00000283   Thumb Code     0  startup.o(RESET)
    GPIOPortQ6_Handler                       0x00000283   Thumb Code     0  startup.o(RESET)
    GPIOPortQ7_Handler                       0x00000283   Thumb Code     0  startup.o(RESET)
    GPIOPortQ_Handler                        0x00000283   Thumb Code     0  startup.o(RESET)
    GPIOPortR_Handler                        0x00000283   Thumb Code     0  startup.o(RESET)
    GPIOPortS_Handler                        0x00000283   Thumb Code     0  startup.o(RESET)
    Hibernate_Handler                        0x00000283   Thumb Code     0  startup.o(RESET)
    I2C0_Handler                             0x00000283   Thumb Code     0  startup.o(RESET)
    I2C1_Handler                             0x00000283   Thumb Code     0  startup.o(RESET)
    I2C2_Handler                             0x00000283   Thumb Code     0  startup.o(RESET)
    I2C3_Handler                             0x00000283   Thumb Code     0  startup.o(RESET)
    I2C4_Handler                             0x00000283   Thumb Code     0  startup.o(RESET)
    I2C5_Handler                             0x00000283   Thumb Code     0  startup.o(RESET)
    I2S0_Handler                             0x00000283   Thumb Code     0  startup.o(RESET)
    LPC0_Handler                             0x00000283   Thumb Code     0  startup.o(RESET)
    PECI0_Handler                            0x00000283   Thumb Code     0  startup.o(RESET)
    PWM0Fault_Handler                        0x00000283   Thumb Code     0  startup.o(RESET)
    PWM0Generator0_Handler                   0x00000283   Thumb Code     0  startup.o(RESET)
    PWM0Generator1_Handler                   0x00000283   Thumb Code     0  startup.o(RESET)
    PWM0Generator2_Handler                   0x00000283   Thumb Code     0  startup.o(RESET)
    PWM0Generator3_Handler                   0x00000283   Thumb Code     0  startup.o(RESET)
    PWM1Fault_Handler                        0x00000283   Thumb Code     0  startup.o(RESET)
    PWM1Generator0_Handler                   0x00000283   Thumb Code     0  startup.o(RESET)
    PWM1Generator1_Handler                   0x00000283   Thumb Code     0  startup.o(RESET)
    PWM1Generator2_Handler                   0x00000283   Thumb Code     0  startup.o(RESET)
    PWM1Generator3_Handler                   0x00000283   Thumb Code     0  startup.o(RESET)
    Quadrature0_Handler                      0x00000283   Thumb Code     0  startup.o(RESET)
    Quadrature1_Handler                      0x00000283   Thumb Code     0  startup.o(RESET)
    Quadrature2_Handler                      0x00000283   Thumb Code     0  startup.o(RESET)
    SSI0_Handler                             0x00000283   Thumb Code     0  startup.o(RESET)
    SSI1_Handler                             0x00000283   Thumb Code     0  startup.o(RESET)
    SSI2_Handler                             0x00000283   Thumb Code     0  startup.o(RESET)
    SSI3_Handler                             0x00000283   Thumb Code     0  startup.o(RESET)
    SysCtl_Handler                           0x00000283   Thumb Code     0  startup.o(RESET)
    Timer0B_Handler                          0x00000283   Thumb Code     0  startup.o(RESET)
    Timer1B_Handler                          0x00000283   Thumb Code     0  startup.o(RESET)
    Timer2A_Handler                          0x00000283   Thumb Code     0  startup.o(RESET)
    Timer2B_Handler                          0x00000283   Thumb Code     0  startup.o(RESET)
    Timer3A_Handler                          0x00000283   Thumb Code     0  startup.o(RESET)
    Timer3B_Handler                          0x00000283   Thumb Code     0  startup.o(RESET)
    Timer4B_Handler                          0x00000283   Thumb Code     0  startup.o(RESET)
    Timer5B_Handler                          0x00000283   Thumb Code     0  startup.o(RESET)
    UART0_Handler                            0x00000283   Thumb Code     0  startup.o(RESET)
    UART1_Handler                            0x00000283   Thumb Code     0  startup.o(RESET)
    UART2_Handler                            0x00000283   Thumb Code     0  startup.o(RESET)
    UART3_Handler                            0x00000283   Thumb Code     0  startup.o(RESET)
    UART4_Handler                            0x00000283   Thumb Code     0  startup.o(RESET)
    UART5_Handler                            0x00000283   Thumb Code     0  startup.o(RESET)
    UART6_Handler                            0x00000283   Thumb Code     0  startup.o(RESET)
    UART7_Handler                            0x00000283   Thumb Code     0  startup.o(RESET)
    USB0_Handler                             0x00000283   Thumb Code     0  startup.o(RESET)
    WDT_Handler                              0x00000283   Thumb Code     0  startup.o(RESET)
    WideTimer0A_Handler                      0x00000283   Thumb Code     0  startup.o(RESET)
    WideTimer0B_Handler                      0x00000283   Thumb Code     0  startup.o(RESET)
    WideTimer1A_Handler                      0x00000283   Thumb Code     0  startup.o(RESET)
    WideTimer1B_Handler                      0x00000283   Thumb Code     0  startup.o(RESET)
    WideTimer2A_Handler                      0x00000283   Thumb Code     0  startup.o(RESET)
    WideTimer2B_Handler                      0x00000283   Thumb Code     0  startup.o(RESET)
    WideTimer3A_Handler                      0x00000283   Thumb Code     0  startup.o(RESET)
    WideTimer3B_Handler                      0x00000283   Thumb Code     0  startup.o(RESET)
    WideTimer4A_Handler                      0x00000283   Thumb Code     0  startup.o(RESET)
    WideTimer4B_Handler                      0x00000283   Thumb Code     0  startup.o(RESET)
    WideTimer5A_Handler                      0x00000283   Thumb Code     0  startup.o(RESET)
    WideTimer5B_Handler                      0x00000283   Thumb Code     0  startup.o(RESET)
    uDMA_Error                               0x00000283   Thumb Code     0  startup.o(RESET)
    uDMA_Handler                             0x00000283   Thumb Code     0  startup.o(RESET)
    __main                                   0x00000285   Thumb Code     8  __main.o(!!!main)
    __scatterload                            0x0000028d   Thumb Code     0  __scatter.o(!!!scatter)
    __scatterload_rt2                        0x0000028d   Thumb Code    44  __scatter.o(!!!scatter)
    __scatterload_rt2_thumb_only             0x0000028d   Thumb Code     0  __scatter.o(!!!scatter)
    __scatterload_null                       0x0000029b   Thumb Code     0  __scatter.o(!!!scatter)
    __scatterload_copy                       0x000002c1   Thumb Code    26  __scatter_copy.o(!!handler_copy)
    __scatterload_zeroinit                   0x000002dd   Thumb Code    28  __scatter_zi.o(!!handler_zi)
    __rt_lib_init                            0x000002f9   Thumb Code     0  libinit.o(.ARM.Collect$$libinit$$00000000)
    __rt_lib_init_fp_1                       0x000002fb   Thumb Code     0  libinit2.o(.ARM.Collect$$libinit$$00000002)
    __rt_lib_init_heap_1                     0x000002fb   Thumb Code     0  libinit2.o(.ARM.Collect$$libinit$$00000008)
    __rt_lib_init_rand_2                     0x000002fb   Thumb Code     0  libinit2.o(.ARM.Collect$$libinit$$0000000B)
    __rt_lib_init_user_alloc_1               0x000002fb   Thumb Code     0  libinit2.o(.ARM.Collect$$libinit$$0000000A)
    __rt_lib_init_alloca_1                   0x000002ff   Thumb Code     0  libinit2.o(.ARM.Collect$$libinit$$0000002C)
    __rt_lib_init_argv_1                     0x000002ff   Thumb Code     0  libinit2.o(.ARM.Collect$$libinit$$0000002A)
    __rt_lib_init_atexit_1                   0x000002ff   Thumb Code     0  libinit2.o(.ARM.Collect$$libinit$$00000019)
    __rt_lib_init_clock_1                    0x000002ff   Thumb Code     0  libinit2.o(.ARM.Collect$$libinit$$0000001F)
    __rt_lib_init_cpp_1                      0x000002ff   Thumb Code     0  libinit2.o(.ARM.Collect$$libinit$$00000030)
    __rt_lib_init_exceptions_1               0x000002ff   Thumb Code     0  libinit2.o(.ARM.Collect$$libinit$$0000002E)
    __rt_lib_init_fp_trap_1                  0x000002ff   Thumb Code     0  libinit2.o(.ARM.Collect$$libinit$$0000001D)
    __rt_lib_init_getenv_1                   0x000002ff   Thumb Code     0  libinit2.o(.ARM.Collect$$libinit$$00000021)
    __rt_lib_init_lc_collate_1               0x000002ff   Thumb Code     0  libinit2.o(.ARM.Collect$$libinit$$0000000F)
    __rt_lib_init_lc_ctype_1                 0x000002ff   Thumb Code     0  libinit2.o(.ARM.Collect$$libinit$$00000011)
    __rt_lib_init_lc_monetary_1              0x000002ff   Thumb Code     0  libinit2.o(.ARM.Collect$$libinit$$00000013)
    __rt_lib_init_lc_numeric_1               0x000002ff   Thumb Code     0  libinit2.o(.ARM.Collect$$libinit$$00000015)
    __rt_lib_init_lc_time_1                  0x000002ff   Thumb Code     0  libinit2.o(.ARM.Collect$$libinit$$00000017)
    __rt_lib_init_rand_1                     0x000002ff   Thumb Code     0  libinit2.o(.ARM.Collect$$libinit$$0000000C)
    __rt_lib_init_return                     0x000002ff   Thumb Code     0  libinit2.o(.ARM.Collect$$libinit$$00000031)
    __rt_lib_init_signal_1                   0x000002ff   Thumb Code     0  libinit2.o(.ARM.Collect$$libinit$$0000001B)
    __rt_lib_init_stdio_1                    0x000002ff   Thumb Code     0  libinit2.o(.ARM.Collect$$libinit$$00000023)
    __rt_lib_shutdown                        0x00000301   Thumb Code     0  libshutdown.o(.ARM.Collect$$libshutdown$$00000000)
    __rt_lib_shutdown_fp_trap_1              0x00000303   Thumb Code     0  libshutdown2.o(.ARM.Collect$$libshutdown$$00000006)
    __rt_lib_shutdown_heap_1                 0x00000303   Thumb Code     0  libshutdown2.o(.ARM.Collect$$libshutdown$$0000000E)
    __rt_lib_shutdown_return                 0x00000303   Thumb Code     0  libshutdown2.o(.ARM.Collect$$libshutdown$$0000000F)
    __rt_lib_shutdown_signal_1               0x00000303   Thumb Code     0  libshutdown2.o(.ARM.Collect$$libshutdown$$00000009)
    __rt_lib_shutdown_stdio_1                0x00000303   Thumb Code     0  libshutdown2.o(.ARM.Collect$$libshutdown$$00000003)
    __rt_lib_shutdown_user_alloc_1           0x00000303   Thumb Code     0  libshutdown2.o(.ARM.Collect$$libshutdown$$0000000B)
    __rt_entry                               0x00000305   Thumb Code     0  rtentry.o(.ARM.Collect$$rtentry$$00000000)
    __rt_entry_presh_1                       0x00000305   Thumb Code     0  rtentry2.o(.ARM.Collect$$rtentry$$00000002)
    __rt_entry_sh                            0x00000305   Thumb Code     0  rtentry4.o(.ARM.Collect$$rtentry$$00000004)
    __rt_entry_li                            0x0000030b   Thumb Code     0  rtentry2.o(.ARM.Collect$$rtentry$$0000000A)
    __rt_entry_postsh_1                      0x0000030b   Thumb Code     0  rtentry2.o(.ARM.Collect$$rtentry$$00000009)
    __rt_entry_main                          0x0000030f   Thumb Code     0  rtentry2.o(.ARM.Collect$$rtentry$$0000000D)
    __rt_entry_postli_1                      0x0000030f   Thumb Code     0  rtentry2.o(.ARM.Collect$$rtentry$$0000000C)
    __rt_exit                                0x00000317   Thumb Code     0  rtexit.o(.ARM.Collect$$rtexit$$00000000)
    __rt_exit_ls                             0x00000319   Thumb Code     0  rtexit2.o(.ARM.Collect$$rtexit$$00000003)
    __rt_exit_prels_1                        0x00000319   Thumb Code     0  rtexit2.o(.ARM.Collect$$rtexit$$00000002)
    __rt_exit_exit                           0x0000031d   Thumb Code     0  rtexit2.o(.ARM.Collect$$rtexit$$00000004)
    rand                                     0x00000325   Thumb Code    48  rand.o(.emb_text)
    DisableInterrupts                        0x00000359   Thumb Code     0  startup.o(.text)
    EnableInterrupts                         0x0000035d   Thumb Code     0  startup.o(.text)
    StartCritical                            0x00000361   Thumb Code     0  startup.o(.text)
    EndCritical                              0x00000369   Thumb Code     0  startup.o(.text)
    WaitForInterrupt                         0x0000036f   Thumb Code     0  startup.o(.text)
    __user_initial_stackheap                 0x00000373   Thumb Code     0  startup.o(.text)
    Random_Init                              0x00000389   Thumb Code     0  random.o(.text)
    Random32                                 0x0000038f   Thumb Code     2  random.o(.text)
    Random                                   0x000003a1   Thumb Code     2  random.o(.text)
    writecommand                             0x000003c5   Thumb Code     0  lcd.o(.text)
    writedata                                0x000003ed   Thumb Code     0  lcd.o(.text)
    ADC1_Init                                0x00000415   Thumb Code   170  texas.o(.text)
    SetCode                                  0x000004bf   Thumb Code    20  texas.o(.text)
    UART0_Init                               0x000004d3   Thumb Code   162  texas.o(.text)
    SetCourse                                0x00000575   Thumb Code    22  texas.o(.text)
    PLL_Init                                 0x0000058b   Thumb Code   118  texas.o(.text)
    TExaS_Init                               0x00000601   Thumb Code   282  texas.o(.text)
    StopTimer4                               0x0000071b   Thumb Code    16  texas.o(.text)
    StartTimer4                              0x0000072b   Thumb Code    24  texas.o(.text)
    Timer4A_Handler                          0x00000743   Thumb Code    20  texas.o(.text)
    ADC1_In                                  0x00000757   Thumb Code     6  texas.o(.text)
    Timer5A_Handler                          0x0000075d   Thumb Code    34  texas.o(.text)
    TExaS_Stop                               0x0000077f   Thumb Code    18  texas.o(.text)
    copy                                     0x00000791   Thumb Code    16  texas.o(.text)
    SetMode                                  0x000007a1   Thumb Code    22  texas.o(.text)
    UART0_InChar                             0x000007b7   Thumb Code    20  texas.o(.text)
    UART0_InCharNonBlocking                  0x000007cb   Thumb Code    22  texas.o(.text)
    UART0_OutChar                            0x000007e1   Thumb Code   200  texas.o(.text)
    UART0_OutCharNonBlock                    0x000008a9   Thumb Code     6  texas.o(.text)
    srand                                    0x000008b5   Thumb Code    42  rand.o(.text)
    _rand_init                               0x000008df   Thumb Code     4  rand.o(.text)
    __use_two_region_memory                  0x000008f1   Thumb Code     2  heapauxi.o(.text)
    __rt_heap_escrow$2region                 0x000008f3   Thumb Code     2  heapauxi.o(.text)
    __rt_heap_expand$2region                 0x000008f5   Thumb Code     2  heapauxi.o(.text)
    __user_setup_stackheap                   0x000008f7   Thumb Code    74  sys_stackheap_outer.o(.text)
    exit                                     0x00000941   Thumb Code    12  exit.o(.text)
    __user_libspace                          0x0000094d   Thumb Code     8  libspace.o(.text)
    __user_perproc_libspace                  0x0000094d   Thumb Code     0  libspace.o(.text)
    __user_perthread_libspace                0x0000094d   Thumb Code     0  libspace.o(.text)
    __I$use$semihosting                      0x00000955   Thumb Code     0  use_no_semi.o(.text)
    __use_no_semihosting_swi                 0x00000955   Thumb Code     2  use_no_semi.o(.text)
    __semihosting_library_function           0x00000957   Thumb Code     0  indicate_semi.o(.text)
    _sys_exit                                0x00000959   Thumb Code     8  sys_exit.o(.text)
    ADC_In                                   0x00000965   Thumb Code    48  adc.o(i.ADC_In)
    ADC_Init                                 0x000009a1   Thumb Code   236  adc.o(i.ADC_Init)
    DAC_Init                                 0x00000aad   Thumb Code   184  dac.o(i.DAC_Init)
    DAC_Out                                  0x00000b99   Thumb Code     6  dac.o(i.DAC_Out)
    Delay1ms                                 0x00000ba5   Thumb Code    32  st7735.o(i.Delay1ms)
    InitE1                                   0x00000bc5   Thumb Code    32  spaceinvaders.o(i.InitE1)
    InitE2                                   0x00000bed   Thumb Code    32  spaceinvaders.o(i.InitE2)
    InitE3                                   0x00000c15   Thumb Code    32  spaceinvaders.o(i.InitE3)
    InitE4                                   0x00000c3d   Thumb Code    32  spaceinvaders.o(i.InitE4)
    InitE5                                   0x00000c65   Thumb Code    32  spaceinvaders.o(i.InitE5)
    InitP                                    0x00000c8d   Thumb Code    32  spaceinvaders.o(i.InitP)
    LevelChange                              0x00000cb5   Thumb Code    58  spaceinvaders.o(i.LevelChange)
    Output_Init                              0x00000cf9   Thumb Code    16  st7735.o(i.Output_Init)
    PortD_Init                               0x00000d09   Thumb Code    50  spaceinvaders.o(i.PortD_Init)
    PortF_Init                               0x00000d49   Thumb Code    62  spaceinvaders.o(i.PortF_Init)
    ST7735_DrawBitmap                        0x00000d95   Thumb Code   280  st7735.o(i.ST7735_DrawBitmap)
    ST7735_DrawCharS                         0x00000eb5   Thumb Code   232  st7735.o(i.ST7735_DrawCharS)
    ST7735_DrawPixel                         0x00000fa9   Thumb Code    64  st7735.o(i.ST7735_DrawPixel)
    ST7735_DrawString                        0x00000ff1   Thumb Code    86  st7735.o(i.ST7735_DrawString)
    ST7735_FillRect                          0x00001049   Thumb Code   164  st7735.o(i.ST7735_FillRect)
    ST7735_FillScreen                        0x000010f5   Thumb Code    28  st7735.o(i.ST7735_FillScreen)
    ST7735_InitR                             0x00001119   Thumb Code    90  st7735.o(i.ST7735_InitR)
    ST7735_OutChar                           0x00001195   Thumb Code   176  st7735.o(i.ST7735_OutChar)
    ST7735_OutString                         0x00001269   Thumb Code    24  st7735.o(i.ST7735_OutString)
    ST7735_OutUDec                           0x00001281   Thumb Code   118  st7735.o(i.ST7735_OutUDec)
    ST7735_SetCursor                         0x0000130d   Thumb Code    22  st7735.o(i.ST7735_SetCursor)
    Sound_Attack                             0x0000132d   Thumb Code    26  sound.o(i.Sound_Attack)
    Sound_Init                               0x00001359   Thumb Code    26  sound.o(i.Sound_Init)
    Sound_Play                               0x0000137d   Thumb Code    58  sound.o(i.Sound_Play)
    Timer0A_Handler                          0x000013d1   Thumb Code    16  timer0.o(i.Timer0A_Handler)
    Timer0_Init                              0x000013e9   Thumb Code    76  timer0.o(i.Timer0_Init)
    Timer1A_Handler                          0x00001449   Thumb Code    16  timer1.o(i.Timer1A_Handler)
    Timer1_Init                              0x00001461   Thumb Code    76  timer1.o(i.Timer1_Init)
    XPcheck                                  0x000014c1   Thumb Code    74  spaceinvaders.o(i.XPcheck)
    checkattack                              0x00001515   Thumb Code    20  spaceinvaders.o(i.checkattack)
    checkhit                                 0x00001531   Thumb Code   932  spaceinvaders.o(i.checkhit)
    checkwave                                0x00001909   Thumb Code  1308  spaceinvaders.o(i.checkwave)
    endgame                                  0x0000201d   Thumb Code    16  spaceinvaders.o(i.endgame)
    enemy1movement                           0x00002039   Thumb Code    78  spaceinvaders.o(i.enemy1movement)
    enemy2movement                           0x00002095   Thumb Code    78  spaceinvaders.o(i.enemy2movement)
    fillmessage                              0x000020f5   Thumb Code    64  st7735.o(i.fillmessage)
    joystickio                               0x0000213d   Thumb Code    66  spaceinvaders.o(i.joystickio)
    main                                     0x00002181   Thumb Code   628  spaceinvaders.o(i.main)
    moveEnemy1Down                           0x0000241d   Thumb Code    58  spaceinvaders.o(i.moveEnemy1Down)
    moveEnemy1Up                             0x0000245d   Thumb Code    58  spaceinvaders.o(i.moveEnemy1Up)
    moveEnemy2Left                           0x0000249d   Thumb Code    56  spaceinvaders.o(i.moveEnemy2Left)
    moveEnemy2Right                          0x000024d9   Thumb Code    56  spaceinvaders.o(i.moveEnemy2Right)
    movePlayerDown                           0x00002515   Thumb Code    58  spaceinvaders.o(i.movePlayerDown)
    movePlayerLeft                           0x00002555   Thumb Code    56  spaceinvaders.o(i.movePlayerLeft)
    movePlayerRight                          0x00002591   Thumb Code    56  spaceinvaders.o(i.movePlayerRight)
    movePlayerUp                             0x000025cd   Thumb Code    58  spaceinvaders.o(i.movePlayerUp)
    movement                                 0x0000260d   Thumb Code    54  spaceinvaders.o(i.movement)
    randomnumber                             0x00002661   Thumb Code    42  spaceinvaders.o(i.randomnumber)
    win                                      0x00002705   Thumb Code    16  spaceinvaders.o(i.win)
    shoot                                    0x00002738   Data        4080  sound.o(.constdata)
    invaderkilled                            0x00003728   Data        3377  sound.o(.constdata)
    explosion                                0x00004459   Data        2000  sound.o(.constdata)
    fastinvader1                             0x00004c29   Data         982  sound.o(.constdata)
    fastinvader2                             0x00004fff   Data        1042  sound.o(.constdata)
    fastinvader3                             0x00005411   Data        1054  sound.o(.constdata)
    fastinvader4                             0x0000582f   Data        1098  sound.o(.constdata)
    highpitch                                0x00005c79   Data        1802  sound.o(.constdata)
    EnemyA10HP                               0x00006384   Data         512  spaceinvaders.o(.constdata)
    EnemyB10HP                               0x00006584   Data         512  spaceinvaders.o(.constdata)
    EnemyA20HP                               0x00006784   Data         512  spaceinvaders.o(.constdata)
    EnemyB20HP                               0x00006984   Data         512  spaceinvaders.o(.constdata)
    Boss50HP                                 0x00006b84   Data        1152  spaceinvaders.o(.constdata)
    player0                                  0x00007004   Data         512  spaceinvaders.o(.constdata)
    black                                    0x00007204   Data         512  spaceinvaders.o(.constdata)
    brick16x16                               0x00007404   Data         512  spaceinvaders.o(.constdata)
    dBfs                                     0x00007be6   Data         512  st7735.o(.constdata)
    InputPortMsg                             0x00007de6   Data          40  texas.o(.constdata)
    OutputPortMsg                            0x00007e0e   Data          40  texas.o(.constdata)
    BlankMsg                                 0x00007e36   Data          40  texas.o(.constdata)
    InitializedMsg                           0x00007e5e   Data          40  texas.o(.constdata)
    IntroMsg                                 0x00007e86   Data          40  texas.o(.constdata)
    DoneMsg                                  0x00007eae   Data          40  texas.o(.constdata)
    Region$$Table$$Base                      0x00007ed8   Number         0  anon$$obj.o(Region$$Table)
    Region$$Table$$Limit                     0x00007ef8   Number         0  anon$$obj.o(Region$$Table)
    PeriodicTask0                            0x20000000   Data           4  timer0.o(.data)
    PeriodicTask1                            0x20000004   Data           4  timer1.o(.data)
    ptS                                      0x20000008   Data           4  sound.o(.data)
    indexx                                   0x2000000c   Data           4  sound.o(.data)
    end_index                                0x20000010   Data           4  sound.o(.data)
    note                                     0x20000014   Data           4  sound.o(.data)
    ADC_Status                               0x20000018   Data           4  spaceinvaders.o(.data)
    XPrequired                               0x2000001c   Data           4  spaceinvaders.o(.data)
    attackflag                               0x20000020   Data           4  spaceinvaders.o(.data)
    collisionflag1                           0x20000024   Data           4  spaceinvaders.o(.data)
    collisionflag2                           0x20000028   Data           4  spaceinvaders.o(.data)
    collisionflag3                           0x2000002c   Data           4  spaceinvaders.o(.data)
    collisionflag4                           0x20000030   Data           4  spaceinvaders.o(.data)
    collisionflag5                           0x20000034   Data           4  spaceinvaders.o(.data)
    killcount                                0x20000038   Data           4  spaceinvaders.o(.data)
    wave                                     0x2000003c   Data           4  spaceinvaders.o(.data)
    i                                        0x20000040   Data           1  spaceinvaders.o(.data)
    mailbox                                  0x20000050   Data           4  spaceinvaders.o(.data)
    random_number                            0x20000054   Data           4  spaceinvaders.o(.data)
    StX                                      0x20000058   Data           4  st7735.o(.data)
    StY                                      0x2000005c   Data           4  st7735.o(.data)
    StTextColor                              0x20000060   Data           2  st7735.o(.data)
    lastj                                    0x20000068   Data           4  st7735.o(.data)
    Messageindex                             0x20000070   Data           4  st7735.o(.data)
    Ymax                                     0x20000074   Data           4  st7735.o(.data)
    Ymin                                     0x20000078   Data           4  st7735.o(.data)
    X                                        0x2000007c   Data           4  st7735.o(.data)
    Yrange                                   0x20000080   Data           4  st7735.o(.data)
    TExaS_Period                             0x20000084   Data           4  texas.o(.data)
    TExaS_Ports                              0x20000088   Data           8  texas.o(.data)
    TExaS_Meter                              0x20000090   Data           4  texas.o(.data)
    ADCnum                                   0x20000094   Data           4  texas.o(.data)
    LastMode                                 0x20000098   Data           4  texas.o(.data)
    bFlag                                    0x2000009c   Data           4  texas.o(.data)
    Count                                    0x200000a0   Data           4  texas.o(.data)
    DelayBetweenTests                        0x200000a4   Data           4  texas.o(.data)
    TExaS_Test                               0x200000a8   Data           4  texas.o(.data)
    ScopeMode                                0x200000ac   Data           4  texas.o(.data)
    ScopeCount                               0x200000b0   Data           4  texas.o(.data)
    Player                                   0x200000b8   Data          32  spaceinvaders.o(.bss)
    Enemy1                                   0x200000d8   Data          32  spaceinvaders.o(.bss)
    Enemy2                                   0x200000f8   Data          32  spaceinvaders.o(.bss)
    Enemy3                                   0x20000118   Data          32  spaceinvaders.o(.bss)
    Enemy4                                   0x20000138   Data          32  spaceinvaders.o(.bss)
    Enemy5                                   0x20000158   Data          32  spaceinvaders.o(.bss)
    Message                                  0x20000178   Data          12  st7735.o(.bss)
    TExaS                                    0x20000188   Data          56  texas.o(.bss)
    _random_number_data                      0x200001c0   Data         228  rand.o(.bss)
    __libspace_start                         0x200002a4   Data          96  libspace.o(.bss)
    __temporary_stack_top$libspace           0x20000304   Data           0  libspace.o(.bss)



==============================================================================

Memory Map of the image

  Image Entry point : 0x0000026d

  Load Region LR_1 (Base: 0x00000000, Size: 0x00007fb0, Max: 0xffffffff, ABSOLUTE)

    Execution Region ER_RO (Base: 0x00000000, Size: 0x00007ef8, Max: 0xffffffff, ABSOLUTE)

    Base Addr    Size         Type   Attr      Idx    E Section Name        Object

    0x00000000   0x00000284   Code   RO            3  * RESET               startup.o
    0x00000284   0x00000008   Code   RO          744  * !!!main             c_w.l(__main.o)
    0x0000028c   0x00000034   Code   RO          925    !!!scatter          c_w.l(__scatter.o)
    0x000002c0   0x0000001a   Code   RO          927    !!handler_copy      c_w.l(__scatter_copy.o)
    0x000002da   0x00000002   PAD
    0x000002dc   0x0000001c   Code   RO          929    !!handler_zi        c_w.l(__scatter_zi.o)
    0x000002f8   0x00000002   Code   RO          849    .ARM.Collect$$libinit$$00000000  c_w.l(libinit.o)
    0x000002fa   0x00000000   Code   RO          770    .ARM.Collect$$libinit$$00000002  c_w.l(libinit2.o)
    0x000002fa   0x00000000   Code   RO          773    .ARM.Collect$$libinit$$00000008  c_w.l(libinit2.o)
    0x000002fa   0x00000000   Code   RO          775    .ARM.Collect$$libinit$$0000000A  c_w.l(libinit2.o)
    0x000002fa   0x00000004   Code   RO          776    .ARM.Collect$$libinit$$0000000B  c_w.l(libinit2.o)
    0x000002fe   0x00000000   Code   RO          777    .ARM.Collect$$libinit$$0000000C  c_w.l(libinit2.o)
    0x000002fe   0x00000000   Code   RO          780    .ARM.Collect$$libinit$$0000000F  c_w.l(libinit2.o)
    0x000002fe   0x00000000   Code   RO          782    .ARM.Collect$$libinit$$00000011  c_w.l(libinit2.o)
    0x000002fe   0x00000000   Code   RO          784    .ARM.Collect$$libinit$$00000013  c_w.l(libinit2.o)
    0x000002fe   0x00000000   Code   RO          786    .ARM.Collect$$libinit$$00000015  c_w.l(libinit2.o)
    0x000002fe   0x00000000   Code   RO          788    .ARM.Collect$$libinit$$00000017  c_w.l(libinit2.o)
    0x000002fe   0x00000000   Code   RO          790    .ARM.Collect$$libinit$$00000019  c_w.l(libinit2.o)
    0x000002fe   0x00000000   Code   RO          792    .ARM.Collect$$libinit$$0000001B  c_w.l(libinit2.o)
    0x000002fe   0x00000000   Code   RO          794    .ARM.Collect$$libinit$$0000001D  c_w.l(libinit2.o)
    0x000002fe   0x00000000   Code   RO          796    .ARM.Collect$$libinit$$0000001F  c_w.l(libinit2.o)
    0x000002fe   0x00000000   Code   RO          798    .ARM.Collect$$libinit$$00000021  c_w.l(libinit2.o)
    0x000002fe   0x00000000   Code   RO          800    .ARM.Collect$$libinit$$00000023  c_w.l(libinit2.o)
    0x000002fe   0x00000000   Code   RO          804    .ARM.Collect$$libinit$$0000002A  c_w.l(libinit2.o)
    0x000002fe   0x00000000   Code   RO          806    .ARM.Collect$$libinit$$0000002C  c_w.l(libinit2.o)
    0x000002fe   0x00000000   Code   RO          808    .ARM.Collect$$libinit$$0000002E  c_w.l(libinit2.o)
    0x000002fe   0x00000000   Code   RO          810    .ARM.Collect$$libinit$$00000030  c_w.l(libinit2.o)
    0x000002fe   0x00000002   Code   RO          811    .ARM.Collect$$libinit$$00000031  c_w.l(libinit2.o)
    0x00000300   0x00000002   Code   RO          887    .ARM.Collect$$libshutdown$$00000000  c_w.l(libshutdown.o)
    0x00000302   0x00000000   Code   RO          894    .ARM.Collect$$libshutdown$$00000003  c_w.l(libshutdown2.o)
    0x00000302   0x00000000   Code   RO          897    .ARM.Collect$$libshutdown$$00000006  c_w.l(libshutdown2.o)
    0x00000302   0x00000000   Code   RO          900    .ARM.Collect$$libshutdown$$00000009  c_w.l(libshutdown2.o)
    0x00000302   0x00000000   Code   RO          902    .ARM.Collect$$libshutdown$$0000000B  c_w.l(libshutdown2.o)
    0x00000302   0x00000000   Code   RO          905    .ARM.Collect$$libshutdown$$0000000E  c_w.l(libshutdown2.o)
    0x00000302   0x00000002   Code   RO          906    .ARM.Collect$$libshutdown$$0000000F  c_w.l(libshutdown2.o)
    0x00000304   0x00000000   Code   RO          768    .ARM.Collect$$rtentry$$00000000  c_w.l(rtentry.o)
    0x00000304   0x00000000   Code   RO          818    .ARM.Collect$$rtentry$$00000002  c_w.l(rtentry2.o)
    0x00000304   0x00000006   Code   RO          830    .ARM.Collect$$rtentry$$00000004  c_w.l(rtentry4.o)
    0x0000030a   0x00000000   Code   RO          820    .ARM.Collect$$rtentry$$00000009  c_w.l(rtentry2.o)
    0x0000030a   0x00000004   Code   RO          821    .ARM.Collect$$rtentry$$0000000A  c_w.l(rtentry2.o)
    0x0000030e   0x00000000   Code   RO          823    .ARM.Collect$$rtentry$$0000000C  c_w.l(rtentry2.o)
    0x0000030e   0x00000008   Code   RO          824    .ARM.Collect$$rtentry$$0000000D  c_w.l(rtentry2.o)
    0x00000316   0x00000002   Code   RO          855    .ARM.Collect$$rtexit$$00000000  c_w.l(rtexit.o)
    0x00000318   0x00000000   Code   RO          867    .ARM.Collect$$rtexit$$00000002  c_w.l(rtexit2.o)
    0x00000318   0x00000004   Code   RO          868    .ARM.Collect$$rtexit$$00000003  c_w.l(rtexit2.o)
    0x0000031c   0x00000006   Code   RO          869    .ARM.Collect$$rtexit$$00000004  c_w.l(rtexit2.o)
    0x00000322   0x00000002   PAD
    0x00000324   0x00000034   Code   RO          737    .emb_text           c_w.l(rand.o)
    0x00000358   0x00000030   Code   RO            4    .text               startup.o
    0x00000388   0x0000003c   Code   RO           13    .text               random.o
    0x000003c4   0x00000050   Code   RO          138    .text               lcd.o
    0x00000414   0x000004a0   Code   RO          718    .text               texas.o
    0x000008b4   0x0000003c   Code   RO          738    .text               c_w.l(rand.o)
    0x000008f0   0x00000006   Code   RO          742    .text               c_w.l(heapauxi.o)
    0x000008f6   0x0000004a   Code   RO          836    .text               c_w.l(sys_stackheap_outer.o)
    0x00000940   0x0000000c   Code   RO          838    .text               c_w.l(exit.o)
    0x0000094c   0x00000008   Code   RO          852    .text               c_w.l(libspace.o)
    0x00000954   0x00000002   Code   RO          863    .text               c_w.l(use_no_semi.o)
    0x00000956   0x00000000   Code   RO          865    .text               c_w.l(indicate_semi.o)
    0x00000956   0x00000002   PAD
    0x00000958   0x0000000c   Code   RO          879    .text               c_w.l(sys_exit.o)
    0x00000964   0x0000003c   Code   RO           41    i.ADC_In            adc.o
    0x000009a0   0x0000010c   Code   RO           42    i.ADC_Init          adc.o
    0x00000aac   0x000000ec   Code   RO           16    i.DAC_Init          dac.o
    0x00000b98   0x0000000c   Code   RO           17    i.DAC_Out           dac.o
    0x00000ba4   0x00000020   Code   RO          455    i.Delay1ms          st7735.o
    0x00000bc4   0x00000028   Code   RO          146    i.InitE1            spaceinvaders.o
    0x00000bec   0x00000028   Code   RO          147    i.InitE2            spaceinvaders.o
    0x00000c14   0x00000028   Code   RO          148    i.InitE3            spaceinvaders.o
    0x00000c3c   0x00000028   Code   RO          149    i.InitE4            spaceinvaders.o
    0x00000c64   0x00000028   Code   RO          150    i.InitE5            spaceinvaders.o
    0x00000c8c   0x00000028   Code   RO          151    i.InitP             spaceinvaders.o
    0x00000cb4   0x00000044   Code   RO          152    i.LevelChange       spaceinvaders.o
    0x00000cf8   0x00000010   Code   RO          458    i.Output_Init       st7735.o
    0x00000d08   0x00000040   Code   RO          153    i.PortD_Init        spaceinvaders.o
    0x00000d48   0x0000004c   Code   RO          154    i.PortF_Init        spaceinvaders.o
    0x00000d94   0x00000120   Code   RO          462    i.ST7735_DrawBitmap  st7735.o
    0x00000eb4   0x000000f4   Code   RO          464    i.ST7735_DrawCharS  st7735.o
    0x00000fa8   0x00000048   Code   RO          467    i.ST7735_DrawPixel  st7735.o
    0x00000ff0   0x00000056   Code   RO          468    i.ST7735_DrawString  st7735.o
    0x00001046   0x00000002   PAD
    0x00001048   0x000000ac   Code   RO          469    i.ST7735_FillRect   st7735.o
    0x000010f4   0x00000024   Code   RO          470    i.ST7735_FillScreen  st7735.o
    0x00001118   0x0000007c   Code   RO          472    i.ST7735_InitR      st7735.o
    0x00001194   0x000000d4   Code   RO          474    i.ST7735_OutChar    st7735.o
    0x00001268   0x00000018   Code   RO          475    i.ST7735_OutString  st7735.o
    0x00001280   0x0000008c   Code   RO          476    i.ST7735_OutUDec    st7735.o
    0x0000130c   0x00000020   Code   RO          485    i.ST7735_SetCursor  st7735.o
    0x0000132c   0x0000002c   Code   RO          101    i.Sound_Attack      sound.o
    0x00001358   0x00000024   Code   RO          102    i.Sound_Init        sound.o
    0x0000137c   0x00000054   Code   RO          103    i.Sound_Play        sound.o
    0x000013d0   0x00000018   Code   RO           59    i.Timer0A_Handler   timer0.o
    0x000013e8   0x00000060   Code   RO           60    i.Timer0_Init       timer0.o
    0x00001448   0x00000018   Code   RO           80    i.Timer1A_Handler   timer1.o
    0x00001460   0x00000060   Code   RO           81    i.Timer1_Init       timer1.o
    0x000014c0   0x00000054   Code   RO          156    i.XPcheck           spaceinvaders.o
    0x00001514   0x0000001c   Code   RO          157    i.checkattack       spaceinvaders.o
    0x00001530   0x000003d8   Code   RO          158    i.checkhit          spaceinvaders.o
    0x00001908   0x00000538   Code   RO          159    i.checkwave         spaceinvaders.o
    0x00001e40   0x00000056   Code   RO          489    i.commandList       st7735.o
    0x00001e96   0x00000002   PAD
    0x00001e98   0x00000184   Code   RO          490    i.commonInit        st7735.o
    0x0000201c   0x0000001c   Code   RO          160    i.endgame           spaceinvaders.o
    0x00002038   0x0000005c   Code   RO          161    i.enemy1movement    spaceinvaders.o
    0x00002094   0x00000060   Code   RO          162    i.enemy2movement    spaceinvaders.o
    0x000020f4   0x00000048   Code   RO          493    i.fillmessage       st7735.o
    0x0000213c   0x00000042   Code   RO          163    i.joystickio        spaceinvaders.o
    0x0000217e   0x00000002   PAD
    0x00002180   0x0000029c   Code   RO          164    i.main              spaceinvaders.o
    0x0000241c   0x00000040   Code   RO          165    i.moveEnemy1Down    spaceinvaders.o
    0x0000245c   0x00000040   Code   RO          168    i.moveEnemy1Up      spaceinvaders.o
    0x0000249c   0x0000003c   Code   RO          170    i.moveEnemy2Left    spaceinvaders.o
    0x000024d8   0x0000003c   Code   RO          171    i.moveEnemy2Right   spaceinvaders.o
    0x00002514   0x00000040   Code   RO          185    i.movePlayerDown    spaceinvaders.o
    0x00002554   0x0000003c   Code   RO          186    i.movePlayerLeft    spaceinvaders.o
    0x00002590   0x0000003c   Code   RO          187    i.movePlayerRight   spaceinvaders.o
    0x000025cc   0x00000040   Code   RO          188    i.movePlayerUp      spaceinvaders.o
    0x0000260c   0x00000040   Code   RO          189    i.movement          spaceinvaders.o
    0x0000264c   0x00000012   Code   RO          495    i.pushColor         st7735.o
    0x0000265e   0x00000002   PAD
    0x00002660   0x00000030   Code   RO          190    i.randomnumber      spaceinvaders.o
    0x00002690   0x00000074   Code   RO          496    i.setAddrWindow     st7735.o
    0x00002704   0x00000034   Code   RO          191    i.win               spaceinvaders.o
    0x00002738   0x00003c4b   Data   RO          104    .constdata          sound.o
    0x00006383   0x00000001   PAD
    0x00006384   0x00001280   Data   RO          193    .constdata          spaceinvaders.o
    0x00007604   0x000007e2   Data   RO          498    .constdata          st7735.o
    0x00007de6   0x000000f0   Data   RO          720    .constdata          texas.o
    0x00007ed6   0x00000002   PAD
    0x00007ed8   0x00000020   Data   RO          923    Region$$Table       anon$$obj.o


    Execution Region ER_RW (Base: 0x20000000, Size: 0x000000b8, Max: 0xffffffff, ABSOLUTE)

    Base Addr    Size         Type   Attr      Idx    E Section Name        Object

    0x20000000   0x00000004   Data   RW           61    .data               timer0.o
    0x20000004   0x00000004   Data   RW           82    .data               timer1.o
    0x20000008   0x00000010   Data   RW          105    .data               sound.o
    0x20000018   0x00000040   Data   RW          194    .data               spaceinvaders.o
    0x20000058   0x0000002c   Data   RW          499    .data               st7735.o
    0x20000084   0x00000030   Data   RW          721    .data               texas.o
    0x200000b4   0x00000004   Data   RW           12    DATA                random.o


    Execution Region ER_ZI (Base: 0x200000b8, Size: 0x00000650, Max: 0xffffffff, ABSOLUTE)

    Base Addr    Size         Type   Attr      Idx    E Section Name        Object

    0x200000b8   0x000000c0   Zero   RW          192    .bss                spaceinvaders.o
    0x20000178   0x0000000c   Zero   RW          497    .bss                st7735.o
    0x20000184   0x00000004   PAD
    0x20000188   0x00000038   Zero   RW          719    .bss                texas.o
    0x200001c0   0x000000e4   Zero   RW          739    .bss                c_w.l(rand.o)
    0x200002a4   0x00000060   Zero   RW          853    .bss                c_w.l(libspace.o)
    0x20000304   0x00000004   PAD
    0x20000308   0x00000000   Zero   RW            2    HEAP                startup.o
    0x20000308   0x00000400   Zero   RW            1    STACK               startup.o


==============================================================================

Image component sizes


      Code (inc. data)   RO Data    RW Data    ZI Data      Debug   Object Name

       328         44          0          0          0       1068   adc.o
       248         58          0          0          0       4985   dac.o
        80         12          0          0          0        176   lcd.o
        60         14          0          4          0        176   random.o
       164         54      15435         16          0       2065   sound.o
      4490        438       4736         64        192      14963   spaceinvaders.o
      2158        212       2018         44         12      12571   st7735.o
       692        632          0          0       1024        852   startup.o
      1184        188        240         48         56      14668   texas.o
       120         28          0          4          0       1176   timer0.o
       120         28          0          4          0       1176   timer1.o

    ----------------------------------------------------------------------
      9652       1708      22464        184       1288      53876   Object Totals
         0          0         32          0          0          0   (incl. Generated)
         8          0          3          0          4          0   (incl. Padding)

    ----------------------------------------------------------------------

      Code (inc. data)   RO Data    RW Data    ZI Data      Debug   Library Member Name

         8          0          0          0          0         68   __main.o
        52          8          0          0          0          0   __scatter.o
        26          0          0          0          0          0   __scatter_copy.o
        28          0          0          0          0          0   __scatter_zi.o
        12          0          0          0          0         72   exit.o
         6          0          0          0          0        152   heapauxi.o
         0          0          0          0          0          0   indicate_semi.o
         2          0          0          0          0          0   libinit.o
         6          0          0          0          0          0   libinit2.o
         2          0          0          0          0          0   libshutdown.o
         2          0          0          0          0          0   libshutdown2.o
         8          4          0          0         96         68   libspace.o
       112         18          0          0        228        160   rand.o
         0          0          0          0          0          0   rtentry.o
        12          0          0          0          0          0   rtentry2.o
         6          0          0          0          0          0   rtentry4.o
         2          0          0          0          0          0   rtexit.o
        10          0          0          0          0          0   rtexit2.o
        12          4          0          0          0         68   sys_exit.o
        74          0          0          0          0         80   sys_stackheap_outer.o
         2          0          0          0          0         68   use_no_semi.o

    ----------------------------------------------------------------------
       388         34          0          0        328        736   Library Totals
         6          0          0          0          4          0   (incl. Padding)

    ----------------------------------------------------------------------

      Code (inc. data)   RO Data    RW Data    ZI Data      Debug   Library Name

       382         34          0          0        324        736   c_w.l

    ----------------------------------------------------------------------
       388         34          0          0        328        736   Library Totals

    ----------------------------------------------------------------------

==============================================================================


      Code (inc. data)   RO Data    RW Data    ZI Data      Debug   

     10040       1742      22464        184       1616      51180   Grand Totals
     10040       1742      22464        184       1616      51180   ELF Image Totals
     10040       1742      22464        184          0          0   ROM Totals

==============================================================================

    Total RO  Size (Code + RO Data)                32504 (  31.74kB)
    Total RW  Size (RW Data + ZI Data)              1800 (   1.76kB)
    Total ROM Size (Code + RO Data + RW Data)      32688 (  31.92kB)

==============================================================================

